Modules list:
-------------
bullet.o:
    CODE              Offs=000000  Size=00032A  Align=00001  Fill=0000
    BSS               Offs=000000  Size=00003E  Align=00001  Fill=0000
collision.o:
    CODE              Offs=00032A  Size=00011E  Align=00001  Fill=0000
    BSS               Offs=00003E  Size=000007  Align=00001  Fill=0000
enemy.o:
    CODE              Offs=000448  Size=0006D9  Align=00001  Fill=0000
    RODATA            Offs=000000  Size=0000BD  Align=00001  Fill=0000
    BSS               Offs=000045  Size=000058  Align=00001  Fill=0000
gamestate.o:
    CODE              Offs=000B21  Size=000660  Align=00001  Fill=0000
    BSS               Offs=00009D  Size=000008  Align=00001  Fill=0000
input.o:
    CODE              Offs=001181  Size=000119  Align=00001  Fill=0000
    BSS               Offs=0000A5  Size=000002  Align=00001  Fill=0000
    DATA              Offs=000000  Size=000001  Align=00001  Fill=0000
main.o:
    CODE              Offs=00129A  Size=00054A  Align=00001  Fill=0000
    BSS               Offs=0000A7  Size=000009  Align=00001  Fill=0000
player.o:
    CODE              Offs=0017E4  Size=00014A  Align=00001  Fill=0000
    BSS               Offs=0000B0  Size=00000A  Align=00001  Fill=0000
random.o:
    CODE              Offs=00192E  Size=0000EE  Align=00001  Fill=0000
    BSS               Offs=0000BA  Size=000003  Align=00001  Fill=0000
    DATA              Offs=000001  Size=000002  Align=00001  Fill=0000
screen.o:
    CODE              Offs=001A1C  Size=00015D  Align=00001  Fill=0000
    BSS               Offs=0000BD  Size=000008  Align=00001  Fill=0000
sprite.o:
    CODE              Offs=001B79  Size=000167  Align=00001  Fill=0000
    RODATA            Offs=0000BD  Size=00003F  Align=00001  Fill=0000
    BSS               Offs=0000C5  Size=000007  Align=00001  Fill=0000
C:\bin\cc65\lib/c64.lib(_cursor.o):
    BSS               Offs=0000CC  Size=000001  Align=00001  Fill=0000
C:\bin\cc65\lib/c64.lib(add.o):
    CODE              Offs=001CE0  Size=00001C  Align=00001  Fill=0000
C:\bin\cc65\lib/c64.lib(addysp.o):
    CODE              Offs=001CFC  Size=00000E  Align=00001  Fill=0000
C:\bin\cc65\lib/c64.lib(bordercolor.o):
    CODE              Offs=001D0A  Size=000008  Align=00001  Fill=0000
C:\bin\cc65\lib/c64.lib(callmain.o):
    CODE              Offs=001D12  Size=000017  Align=00001  Fill=0000
    DATA              Offs=000003  Size=000004  Align=00001  Fill=0000
C:\bin\cc65\lib/c64.lib(cgetc.o):
    CODE              Offs=001D29  Size=000047  Align=00001  Fill=0000
C:\bin\cc65\lib/c64.lib(clrscr.o):
C:\bin\cc65\lib/c64.lib(color.o):
    CODE              Offs=001D70  Size=000010  Align=00001  Fill=0000
C:\bin\cc65\lib/c64.lib(condes.o):
    CODE              Offs=001D80  Size=00000C  Align=00001  Fill=0000
    DATA              Offs=000007  Size=000025  Align=00001  Fill=0000
    ONCE              Offs=000000  Size=00000C  Align=00001  Fill=0000
C:\bin\cc65\lib/c64.lib(crt0.o):
    STARTUP           Offs=000000  Size=000033  Align=00001  Fill=0000
    ONCE              Offs=00000C  Size=00001A  Align=00001  Fill=0000
    INIT              Offs=000000  Size=00001C  Align=00001  Fill=0000
C:\bin\cc65\lib/c64.lib(decaxy.o):
    CODE              Offs=001D8C  Size=000009  Align=00001  Fill=0000
C:\bin\cc65\lib/c64.lib(exehdr.o):
    EXEHDR            Offs=000000  Size=00000C  Align=00001  Fill=0000
C:\bin\cc65\lib/c64.lib(incaxy.o):
    CODE              Offs=001D95  Size=00000B  Align=00001  Fill=0000
C:\bin\cc65\lib/c64.lib(incsp1.o):
    CODE              Offs=001DA0  Size=000007  Align=00001  Fill=0000
C:\bin\cc65\lib/c64.lib(incsp2.o):
    CODE              Offs=001DA7  Size=000016  Align=00001  Fill=0000
C:\bin\cc65\lib/c64.lib(incsp3.o):
    CODE              Offs=001DBD  Size=000005  Align=00001  Fill=0000
C:\bin\cc65\lib/c64.lib(incsp4.o):
    CODE              Offs=001DC2  Size=000005  Align=00001  Fill=0000
C:\bin\cc65\lib/c64.lib(incsp5.o):
    CODE              Offs=001DC7  Size=000005  Align=00001  Fill=0000
C:\bin\cc65\lib/c64.lib(incsp6.o):
    CODE              Offs=001DCC  Size=000005  Align=00001  Fill=0000
C:\bin\cc65\lib/c64.lib(joy-kernel.o):
    CODE              Offs=001DD1  Size=00004D  Align=00001  Fill=0000
    RODATA            Offs=0000FC  Size=000004  Align=00001  Fill=0000
    BSS               Offs=0000CD  Size=000002  Align=00001  Fill=0000
    DATA              Offs=00002C  Size=00000C  Align=00001  Fill=0000
C:\bin\cc65\lib/c64.lib(joy_read.o):
C:\bin\cc65\lib/c64.lib(joy_stat_stddrv.o):
C:\bin\cc65\lib/c64.lib(kbhit.o):
    CODE              Offs=001E1E  Size=000009  Align=00001  Fill=0000
C:\bin\cc65\lib/c64.lib(kernal.o):
C:\bin\cc65\lib/c64.lib(ldai.o):
    CODE              Offs=001E27  Size=00000C  Align=00001  Fill=0000
C:\bin\cc65\lib/c64.lib(ldaxi.o):
    CODE              Offs=001E33  Size=00000D  Align=00001  Fill=0000
C:\bin\cc65\lib/c64.lib(ldaxsp.o):
    CODE              Offs=001E40  Size=000009  Align=00001  Fill=0000
C:\bin\cc65\lib/c64.lib(ldptr1sp.o):
    CODE              Offs=001E49  Size=00000C  Align=00001  Fill=0000
C:\bin\cc65\lib/c64.lib(libref.o):
C:\bin\cc65\lib/c64.lib(loadaddr.o):
    LOADADDR          Offs=000000  Size=000002  Align=00001  Fill=0000
C:\bin\cc65\lib/c64.lib(mod.o):
    CODE              Offs=001E55  Size=000011  Align=00001  Fill=0000
C:\bin\cc65\lib/c64.lib(mul8.o):
    CODE              Offs=001E66  Size=00003A  Align=00001  Fill=0000
C:\bin\cc65\lib/c64.lib(mulax10.o):
    CODE              Offs=001EA0  Size=000019  Align=00001  Fill=0000
C:\bin\cc65\lib/c64.lib(mulax7.o):
    CODE              Offs=001EB9  Size=000019  Align=00001  Fill=0000
C:\bin\cc65\lib/c64.lib(negabs.o):
    CODE              Offs=001ED2  Size=000012  Align=00001  Fill=0000
C:\bin\cc65\lib/c64.lib(popptr1.o):
    CODE              Offs=001EE4  Size=00000E  Align=00001  Fill=0000
C:\bin\cc65\lib/c64.lib(pusha.o):
    CODE              Offs=001EF2  Size=000016  Align=00001  Fill=0000
C:\bin\cc65\lib/c64.lib(pushax.o):
    CODE              Offs=001F08  Size=00001A  Align=00001  Fill=0000
C:\bin\cc65\lib/c64.lib(pushw.o):
    CODE              Offs=001F22  Size=00000F  Align=00001  Fill=0000
C:\bin\cc65\lib/c64.lib(pushwsp.o):
    CODE              Offs=001F31  Size=00001C  Align=00001  Fill=0000
C:\bin\cc65\lib/c64.lib(shelp.o):
    CODE              Offs=001F4D  Size=000020  Align=00001  Fill=0000
C:\bin\cc65\lib/c64.lib(shl.o):
    CODE              Offs=001F6D  Size=000033  Align=00001  Fill=0000
C:\bin\cc65\lib/c64.lib(shrax3.o):
    CODE              Offs=001FA0  Size=00000E  Align=00001  Fill=0000
C:\bin\cc65\lib/c64.lib(staxspi.o):
    CODE              Offs=001FAE  Size=00001B  Align=00001  Fill=0000
C:\bin\cc65\lib/c64.lib(sub.o):
    CODE              Offs=001FC9  Size=000015  Align=00001  Fill=0000
C:\bin\cc65\lib/c64.lib(udiv.o):
    CODE              Offs=001FDE  Size=00004F  Align=00001  Fill=0000
C:\bin\cc65\lib/c64.lib(umod.o):
    CODE              Offs=00202D  Size=000011  Align=00001  Fill=0000
C:\bin\cc65\lib/c64.lib(zerobss.o):
    CODE              Offs=00203E  Size=000023  Align=00001  Fill=0000
C:\bin\cc65\lib/c64.lib(zeropage.o):
    ZEROPAGE          Offs=000000  Size=00001A  Align=00001  Fill=0000
C:\bin\cc65\lib/c64.lib(c64-stdjoy-joy.o):
    CODE              Offs=002061  Size=00002F  Align=00001  Fill=0000
    DATA              Offs=000038  Size=00000E  Align=00001  Fill=0000


Segment list:
-------------
Name                   Start     End    Size  Align
----------------------------------------------------
ZEROPAGE              000002  00001B  00001A  00001
LOADADDR              0007FF  000800  000002  00001
EXEHDR                000801  00080C  00000C  00001
STARTUP               00080D  00083F  000033  00001
CODE                  000840  0028CF  002090  00001
RODATA                0028D0  0029CF  000100  00001
DATA                  0029D0  002A15  000046  00001
INIT                  002A16  002A31  00001C  00001
BSS                   002A32  002B00  0000CF  00001
ONCE                  002A32  002A57  000026  00001


Exports list by name:
---------------------
BSOUT                     00FFD2 RLA    __BSS_RUN__               002A32 RLA    
__BSS_SIZE__              0000CF REA    __CONSTRUCTOR_COUNT__     000000 REA    
__CONSTRUCTOR_TABLE__     002A58 RLA    __DESTRUCTOR_COUNT__      000000 REA    
__DESTRUCTOR_TABLE__      0029D0 RLA    __EXEHDR__                000001 REA    
__HEADER_LAST__           00080D RLA    __HIMEM__                 00D000 REA    
__LOADADDR__              000001 REA    __MAIN_SIZE__             00C7F3 REA    
__MAIN_START__            00080D RLA    __ONCE_RUN__              002A32 RLA    
__STACKSIZE__             000800 REA    __STARTUP__               000001 REA    
_abs                      002712 RLA    _bgcolor                  0025B8 RLA    
_bordercolor              00254A RLA    _bullet_init              000840 RLA    
_bullet_render_all        000ADB RLA    _bullet_spawn             00086B RLA    
_bullet_update_all        00099B RLA    _bullets                  002A32 RLA    
_c64_stdjoy_joy           002A08 RLA    _cgetc                    002569 RLA    
_clrscr                   00E544 REA    _collision_update         000B6A RLA    
_enemies                  002A77 RLA    _enemy_count_active       001241 RLA    
_enemy_hit                001177 RLA    _enemy_init               000C88 RLA    
_enemy_spawn_wave         001273 RLA    _enemy_update_all         000FC9 RLA    
_exit                     000825 RLA    _game_state               002ACF RLA    
_gamestate_add_score      0013C0 RLA    _gamestate_init           001361 RLA    
_gamestate_lose_life      0013D7 RLA    _gamestate_next_wave      0013A5 RLA    
_gamestate_render_game_over 0015BC RLA    _gamestate_render_ui      0013E5 RLA    
_gamestate_start_game     00137D RLA    _input_cleanup            001AD1 RLA    
_input_init               0019C1 RLA    _input_read               0019DB RLA    
_joy_install              002611 RLA    _joy_read                 002A05 REA    
_joy_static_stddrv        002A08 RLA    _joy_uninstall            002651 RLA    
_kbhit                    00265E RLA    _main                     001ADA RLA    
_player_get               002169 RLA    _player_init              002024 RLA    
_player_move              00206F RLA    _player_update            002154 RLA    
_random_get               002198 RLA    _random_init              00216E RLA    
_screen_clear             00226E RLA    _screen_init              00225C RLA    
_screen_print_number      002321 RLA    _screen_set_char          0022B4 RLA    
_sprite_enable            00240A RLA    _sprite_init              0023B9 RLA    
_sprite_set_color         0024D4 RLA    _sprite_set_position      002441 RLA    
_textcolor                0025B0 RLA    addysp                    00253D RLA    
addysp1                   00253C RLA    aslaxy                    0027B4 RLA    
c_sp                      000002 RLZ    callmain                  002552 RLA    
cursor                    002AFE RLA    decaxy                    0025CC RLA    
donelib                   0025C0 RLA    incaxy                    0025D7 RLA    
incsp1                    0025E0 RLA    incsp2                    0025EF RLA    
incsp3                    0025FD RLA    incsp4                    002602 RLA    
incsp5                    002607 RLA    incsp6                    00260C RLA    
initlib                   002A32 RLA    joy_libref                000825 RLA    
joy_read                  002A05 RLA    ldaidx                    002667 RLA    
ldax0sp                   002680 RLA    ldaxi                     002673 RLA    
ldaxidx                   002675 RLA    ldaxysp                   002682 RLA    
ldptr10sp                 002689 RLA    ldptr1ysp                 00268B RLA    
mulax10                   0026E0 RLA    mulax7                    0026F9 RLA    
negax                     002716 RLA    popax                     0025E7 RLA    
popptr1                   002724 RLA    popsargsudiv16            00278D RLA    
ptr1                      00000A RLZ    ptr2                      00000C RLZ    
ptr4                      000010 RLZ    pusha                     002736 RLA    
pusha0                    00274A RLA    pushax                    00274C RLA    
pushw                     002762 RLA    pushw0sp                  002771 RLA    
pushwidx                  002764 RLA    pushwysp                  002773 RLA    
shrax3                    0027E0 RLA    sreg                      000004 RLZ    
staxspidx                 0027EE RLA    tmp1                      000012 RLZ    
tmp2                      000013 RLZ    tosaddax                  002522 RLA    
tosmodax                  002697 RLA    tossuba0                  002809 RLA    
tossubax                  00280B RLA    tosudiva0                 00281E RLA    
tosudivax                 002820 RLA    tosumoda0                 00286D RLA    
tosumula0                 0026A6 RLA    udiv16                    00282F RLA    
zerobss                   00287E RLA    


Exports list by value:
----------------------
__CONSTRUCTOR_COUNT__     000000 REA    __DESTRUCTOR_COUNT__      000000 REA    
__STARTUP__               000001 REA    __LOADADDR__              000001 REA    
__EXEHDR__                000001 REA    c_sp                      000002 RLZ    
sreg                      000004 RLZ    ptr1                      00000A RLZ    
ptr2                      00000C RLZ    ptr4                      000010 RLZ    
tmp1                      000012 RLZ    tmp2                      000013 RLZ    
__BSS_SIZE__              0000CF REA    __STACKSIZE__             000800 REA    
__MAIN_START__            00080D RLA    __HEADER_LAST__           00080D RLA    
_exit                     000825 RLA    joy_libref                000825 RLA    
_bullet_init              000840 RLA    _bullet_spawn             00086B RLA    
_bullet_update_all        00099B RLA    _bullet_render_all        000ADB RLA    
_collision_update         000B6A RLA    _enemy_init               000C88 RLA    
_enemy_update_all         000FC9 RLA    _enemy_hit                001177 RLA    
_enemy_count_active       001241 RLA    _enemy_spawn_wave         001273 RLA    
_gamestate_init           001361 RLA    _gamestate_start_game     00137D RLA    
_gamestate_next_wave      0013A5 RLA    _gamestate_add_score      0013C0 RLA    
_gamestate_lose_life      0013D7 RLA    _gamestate_render_ui      0013E5 RLA    
_gamestate_render_game_over 0015BC RLA    _input_init               0019C1 RLA    
_input_read               0019DB RLA    _input_cleanup            001AD1 RLA    
_main                     001ADA RLA    _player_init              002024 RLA    
_player_move              00206F RLA    _player_update            002154 RLA    
_player_get               002169 RLA    _random_init              00216E RLA    
_random_get               002198 RLA    _screen_init              00225C RLA    
_screen_clear             00226E RLA    _screen_set_char          0022B4 RLA    
_screen_print_number      002321 RLA    _sprite_init              0023B9 RLA    
_sprite_enable            00240A RLA    _sprite_set_position      002441 RLA    
_sprite_set_color         0024D4 RLA    tosaddax                  002522 RLA    
addysp1                   00253C RLA    addysp                    00253D RLA    
_bordercolor              00254A RLA    callmain                  002552 RLA    
_cgetc                    002569 RLA    _textcolor                0025B0 RLA    
_bgcolor                  0025B8 RLA    donelib                   0025C0 RLA    
decaxy                    0025CC RLA    incaxy                    0025D7 RLA    
incsp1                    0025E0 RLA    popax                     0025E7 RLA    
incsp2                    0025EF RLA    incsp3                    0025FD RLA    
incsp4                    002602 RLA    incsp5                    002607 RLA    
incsp6                    00260C RLA    _joy_install              002611 RLA    
_joy_uninstall            002651 RLA    _kbhit                    00265E RLA    
ldaidx                    002667 RLA    ldaxi                     002673 RLA    
ldaxidx                   002675 RLA    ldax0sp                   002680 RLA    
ldaxysp                   002682 RLA    ldptr10sp                 002689 RLA    
ldptr1ysp                 00268B RLA    tosmodax                  002697 RLA    
tosumula0                 0026A6 RLA    mulax10                   0026E0 RLA    
mulax7                    0026F9 RLA    _abs                      002712 RLA    
negax                     002716 RLA    popptr1                   002724 RLA    
pusha                     002736 RLA    pusha0                    00274A RLA    
pushax                    00274C RLA    pushw                     002762 RLA    
pushwidx                  002764 RLA    pushw0sp                  002771 RLA    
pushwysp                  002773 RLA    popsargsudiv16            00278D RLA    
aslaxy                    0027B4 RLA    shrax3                    0027E0 RLA    
staxspidx                 0027EE RLA    tossuba0                  002809 RLA    
tossubax                  00280B RLA    tosudiva0                 00281E RLA    
tosudivax                 002820 RLA    udiv16                    00282F RLA    
tosumoda0                 00286D RLA    zerobss                   00287E RLA    
__DESTRUCTOR_TABLE__      0029D0 RLA    joy_read                  002A05 RLA    
_joy_read                 002A05 REA    _c64_stdjoy_joy           002A08 RLA    
_joy_static_stddrv        002A08 RLA    initlib                   002A32 RLA    
__BSS_RUN__               002A32 RLA    __ONCE_RUN__              002A32 RLA    
_bullets                  002A32 RLA    __CONSTRUCTOR_TABLE__     002A58 RLA    
_enemies                  002A77 RLA    _game_state               002ACF RLA    
cursor                    002AFE RLA    __MAIN_SIZE__             00C7F3 REA    
__HIMEM__                 00D000 REA    _clrscr                   00E544 REA    
BSOUT                     00FFD2 RLA    


Imports list:
-------------
BSOUT (kernal.o):
    crt0.o                    c64/crt0.s:10
__BSS_RUN__ ([linker generated]):
    zerobss.o                 common/zerobss.s:8
__BSS_SIZE__ ([linker generated]):
    zerobss.o                 common/zerobss.s:8
__CONSTRUCTOR_COUNT__ ([linker generated]):
    condes.o                  runtime/condes.s:18
__CONSTRUCTOR_TABLE__ ([linker generated]):
    condes.o                  runtime/condes.s:18
__DESTRUCTOR_COUNT__ ([linker generated]):
    condes.o                  runtime/condes.s:19
__DESTRUCTOR_TABLE__ ([linker generated]):
    condes.o                  runtime/condes.s:19
__EXEHDR__ (exehdr.o):
    [linker generated]        C:\bin\cc65\cfg/c64.cfg:6
__HEADER_LAST__ ([linker generated]):
    [linker generated]        C:\bin\cc65\cfg/c64.cfg:14
    [linker generated]        C:\bin\cc65\cfg/c64.cfg:14
__HIMEM__ ([linker generated]):
    [linker generated]        C:\bin\cc65\cfg/c64.cfg:15
    [linker generated]        C:\bin\cc65\cfg/c64.cfg:14
__LOADADDR__ (loadaddr.o):
    [linker generated]        C:\bin\cc65\cfg/c64.cfg:5
__MAIN_SIZE__ ([linker generated]):
    crt0.o                    c64/crt0.s:11
__MAIN_START__ ([linker generated]):
    crt0.o                    c64/crt0.s:11
__ONCE_RUN__ ([linker generated]):
    [linker generated]        C:\bin\cc65\cfg/c64.cfg:15
    [linker generated]        C:\bin\cc65\cfg/c64.cfg:15
__STACKSIZE__ ([linker generated]):
    [linker generated]        C:\bin\cc65\cfg/c64.cfg:15
__STARTUP__ (crt0.o):
    main.o                    build/main.c.23100.0.s:13
_abs (negabs.o):
    collision.o               build/collision.c.61032.0.s:18
_bgcolor (color.o):
    screen.o                  build/screen.c.55048.0.s:15
_bordercolor (bordercolor.o):
    screen.o                  build/screen.c.55048.0.s:16
_bullet_init (bullet.o):
    main.o                    build/main.c.23100.0.s:31
_bullet_render_all (bullet.o):
    main.o                    build/main.c.23100.0.s:34
_bullet_spawn (bullet.o):
    main.o                    build/main.c.23100.0.s:32
_bullet_update_all (bullet.o):
    main.o                    build/main.c.23100.0.s:33
_bullets (bullet.o):
    collision.o               build/collision.c.61032.0.s:14
_c64_stdjoy_joy (c64-stdjoy-joy.o):
    joy_stat_stddrv.o         c64/joy_stat_stddrv.s:10
_cgetc (cgetc.o):
    input.o                   build/input.c.2884.0.s:21
_clrscr (clrscr.o):
    screen.o                  build/screen.c.55048.0.s:13
_collision_update (collision.o):
    main.o                    build/main.c.23100.0.s:39
_enemies (enemy.o):
    collision.o               build/collision.c.61032.0.s:15
_enemy_count_active (enemy.o):
    main.o                    build/main.c.23100.0.s:37
_enemy_hit (enemy.o):
    collision.o               build/collision.c.61032.0.s:16
_enemy_init (enemy.o):
    main.o                    build/main.c.23100.0.s:35
_enemy_spawn_wave (enemy.o):
    main.o                    build/main.c.23100.0.s:38
_enemy_update_all (enemy.o):
    main.o                    build/main.c.23100.0.s:36
_exit (crt0.o):
    libref.o                  c64/libref.s:11
_game_state (gamestate.o):
    main.o                    build/main.c.23100.0.s:24
    enemy.o                   build/enemy.c.33736.0.s:23
_gamestate_add_score (gamestate.o):
    enemy.o                   build/enemy.c.33736.0.s:24
_gamestate_init (gamestate.o):
    main.o                    build/main.c.23100.0.s:25
_gamestate_lose_life (gamestate.o):
    collision.o               build/collision.c.61032.0.s:17
_gamestate_next_wave (gamestate.o):
    main.o                    build/main.c.23100.0.s:27
_gamestate_render_game_over (gamestate.o):
    main.o                    build/main.c.23100.0.s:29
_gamestate_render_ui (gamestate.o):
    main.o                    build/main.c.23100.0.s:28
_gamestate_start_game (gamestate.o):
    main.o                    build/main.c.23100.0.s:26
_input_cleanup (input.o):
    main.o                    build/main.c.23100.0.s:23
_input_init (input.o):
    main.o                    build/main.c.23100.0.s:21
_input_read (input.o):
    main.o                    build/main.c.23100.0.s:22
_joy_install (joy-kernel.o):
    input.o                   build/input.c.2884.0.s:17
_joy_read (joy_read.o):
    input.o                   build/input.c.2884.0.s:19
_joy_static_stddrv (joy_stat_stddrv.o):
    input.o                   build/input.c.2884.0.s:16
_joy_uninstall (joy-kernel.o):
    input.o                   build/input.c.2884.0.s:18
_kbhit (kbhit.o):
    input.o                   build/input.c.2884.0.s:20
_main (main.o):
    callmain.o                runtime/callmain.s:11
_player_get (player.o):
    main.o                    build/main.c.23100.0.s:20
_player_init (player.o):
    main.o                    build/main.c.23100.0.s:17
_player_move (player.o):
    main.o                    build/main.c.23100.0.s:18
_player_update (player.o):
    main.o                    build/main.c.23100.0.s:19
_random_get (random.o):
    enemy.o                   build/enemy.c.33736.0.s:25
_random_init (random.o):
    main.o                    build/main.c.23100.0.s:30
_screen_clear (screen.o):
    main.o                    build/main.c.23100.0.s:15
_screen_init (screen.o):
    main.o                    build/main.c.23100.0.s:14
_screen_print_number (screen.o):
    gamestate.o               build/gamestate.c.32392.0.s:23
_screen_set_char (screen.o):
    main.o                    build/main.c.23100.0.s:16
    gamestate.o               build/gamestate.c.32392.0.s:22
    bullet.o                  build/bullet.c.41608.0.s:18
_sprite_enable (sprite.o):
    player.o                  build/player.c.19608.0.s:18
    enemy.o                   build/enemy.c.33736.0.s:20
_sprite_init (sprite.o):
    player.o                  build/player.c.19608.0.s:17
_sprite_set_color (sprite.o):
    player.o                  build/player.c.19608.0.s:20
    enemy.o                   build/enemy.c.33736.0.s:22
_sprite_set_position (sprite.o):
    player.o                  build/player.c.19608.0.s:19
    enemy.o                   build/enemy.c.33736.0.s:21
_textcolor (color.o):
    screen.o                  build/screen.c.55048.0.s:14
addysp (addysp.o):
    incsp6.o                  runtime/incsp6.s:8
    incsp5.o                  runtime/incsp5.s:8
    incsp4.o                  runtime/incsp4.s:8
    incsp3.o                  runtime/incsp3.s:8
addysp1 (addysp.o):
    sub.o                     runtime/sub.s:8
aslaxy (shl.o):
    sprite.o                  build/sprite.c.60468.0.s:328
    sprite.o                  build/sprite.c.60468.0.s:328
    sprite.o                  build/sprite.c.60468.0.s:328
c_sp (zeropage.o):
    addysp.o                  runtime/addysp.s:8
    sub.o                     runtime/sub.s:9
    staxspi.o                 runtime/staxspi.s:10
    pushwsp.o                 runtime/pushwsp.s:8
    pushax.o                  runtime/pushax.s:8
    pusha.o                   runtime/pusha.s:8
    popptr1.o                 runtime/popptr1.s:9
    ldptr1sp.o                runtime/ldptr1sp.s:8
    ldaxsp.o                  runtime/ldaxsp.s:8
    incsp2.o                  runtime/incsp2.s:8
    incsp1.o                  runtime/incsp1.s:8
    crt0.o                    /home/runner/work/cc65/cc65/asminc/zeropage.inc:11
    add.o                     runtime/add.s:12
    sprite.o                  build/sprite.c.60468.0.s:10
    screen.o                  build/screen.c.55048.0.s:10
    random.o                  build/random.c.54732.0.s:10
    enemy.o                   build/enemy.c.33736.0.s:10
    bullet.o                  build/bullet.c.41608.0.s:10
callmain (callmain.o):
    crt0.o                    c64/crt0.s:9
cursor (_cursor.o):
    cgetc.o                   c64/cgetc.s:8
decaxy (decaxy.o):
    bullet.o                  build/bullet.c.41608.0.s:506
donelib (condes.o):
    crt0.o                    c64/crt0.s:8
incaxy (incaxy.o):
    screen.o                  build/screen.c.55048.0.s:254
    random.o                  build/random.c.54732.0.s:183
    gamestate.o               build/gamestate.c.32392.0.s:790
    enemy.o                   build/enemy.c.33736.0.s:1200
incsp1 (incsp1.o):
    enemy.o                   build/enemy.c.33736.0.s:1200
    enemy.o                   build/enemy.c.33736.0.s:1200
incsp2 (incsp2.o):
    staxspi.o                 runtime/staxspi.s:9
    popptr1.o                 runtime/popptr1.s:8
    sprite.o                  build/sprite.c.60468.0.s:328
    sprite.o                  build/sprite.c.60468.0.s:328
    sprite.o                  build/sprite.c.60468.0.s:328
    screen.o                  build/screen.c.55048.0.s:254
    random.o                  build/random.c.54732.0.s:183
    input.o                   build/input.c.2884.0.s:198
    gamestate.o               build/gamestate.c.32392.0.s:790
incsp3 (incsp3.o):
    random.o                  build/random.c.54732.0.s:183
incsp4 (incsp4.o):
    sprite.o                  build/sprite.c.60468.0.s:328
    screen.o                  build/screen.c.55048.0.s:254
    player.o                  build/player.c.19608.0.s:219
    enemy.o                   build/enemy.c.33736.0.s:1200
    collision.o               build/collision.c.61032.0.s:208
incsp5 (incsp5.o):
    bullet.o                  build/bullet.c.41608.0.s:506
incsp6 (incsp6.o):
    screen.o                  build/screen.c.55048.0.s:254
initlib (condes.o):
    crt0.o                    c64/crt0.s:8
joy_libref (libref.o):
    joy-kernel.o              joystick/joy-kernel.s:7
joy_read (joy-kernel.o):
    joy_read.o                /home/runner/work/cc65/cc65/asminc/joy-kernel.inc:71
ldaidx (ldai.o):
    bullet.o                  build/bullet.c.41608.0.s:506
ldax0sp (ldaxsp.o):
    player.o                  build/player.c.19608.0.s:219
    gamestate.o               build/gamestate.c.32392.0.s:790
ldaxi (ldaxi.o):
    enemy.o                   build/enemy.c.33736.0.s:1200
    collision.o               build/collision.c.61032.0.s:208
    bullet.o                  build/bullet.c.41608.0.s:506
    bullet.o                  build/bullet.c.41608.0.s:506
ldaxidx (ldaxi.o):
    enemy.o                   build/enemy.c.33736.0.s:1200
    collision.o               build/collision.c.61032.0.s:208
    bullet.o                  build/bullet.c.41608.0.s:506
    bullet.o                  build/bullet.c.41608.0.s:506
ldaxysp (ldaxsp.o):
    sprite.o                  build/sprite.c.60468.0.s:328
    random.o                  build/random.c.54732.0.s:183
    player.o                  build/player.c.19608.0.s:219
    collision.o               build/collision.c.61032.0.s:208
    bullet.o                  build/bullet.c.41608.0.s:506
ldptr10sp (ldptr1sp.o):
    input.o                   build/input.c.2884.0.s:198
ldptr1ysp (ldptr1sp.o):
    random.o                  build/random.c.54732.0.s:183
mulax10 (mulax10.o):
    screen.o                  build/screen.c.55048.0.s:254
    enemy.o                   build/enemy.c.33736.0.s:1200
    enemy.o                   build/enemy.c.33736.0.s:1200
    enemy.o                   build/enemy.c.33736.0.s:1200
    enemy.o                   build/enemy.c.33736.0.s:1200
    enemy.o                   build/enemy.c.33736.0.s:1200
    collision.o               build/collision.c.61032.0.s:208
mulax7 (mulax7.o):
    collision.o               build/collision.c.61032.0.s:208
    bullet.o                  build/bullet.c.41608.0.s:506
    bullet.o                  build/bullet.c.41608.0.s:506
    bullet.o                  build/bullet.c.41608.0.s:506
    bullet.o                  build/bullet.c.41608.0.s:506
negax (negabs.o):
    shelp.o                   runtime/shelp.s:11
    mod.o                     runtime/mod.s:11
popax (incsp2.o):
    shl.o                     runtime/shl.s:15
    shelp.o                   runtime/shelp.s:11
popptr1 (popptr1.o):
    umod.o                    runtime/umod.s:8
    udiv.o                    runtime/udiv.s:9
    mul8.o                    runtime/mul8.s:9
popsargsudiv16 (shelp.o):
    mod.o                     runtime/mod.s:11
ptr1 (zeropage.o):
    zerobss.o                 common/zerobss.s:9
    udiv.o                    runtime/udiv.s:10
    staxspi.o                 runtime/staxspi.s:10
    shelp.o                   runtime/shelp.s:12
    pushw.o                   runtime/pushw.s:9
    popptr1.o                 runtime/popptr1.s:9
    mulax7.o                  runtime/mulax7.s:10
    mulax10.o                 runtime/mulax10.s:9
    mul8.o                    runtime/mul8.s:10
    ldptr1sp.o                runtime/ldptr1sp.s:8
    ldaxi.o                   runtime/ldaxi.s:8
    ldai.o                    runtime/ldai.s:8
    joy-kernel.o              joystick/joy-kernel.s:8
    sprite.o                  build/sprite.c.60468.0.s:11
    screen.o                  build/screen.c.55048.0.s:11
    random.o                  build/random.c.54732.0.s:11
    main.o                    build/main.c.23100.0.s:11
    input.o                   build/input.c.2884.0.s:11
    enemy.o                   build/enemy.c.33736.0.s:11
    collision.o               build/collision.c.61032.0.s:11
    bullet.o                  build/bullet.c.41608.0.s:11
ptr2 (zeropage.o):
    bullet.o                  build/bullet.c.41608.0.s:11
ptr4 (zeropage.o):
    umod.o                    runtime/umod.s:9
    udiv.o                    runtime/udiv.s:10
    shelp.o                   runtime/shelp.s:12
    mul8.o                    runtime/mul8.s:10
pusha (pusha.o):
    sprite.o                  build/sprite.c.60468.0.s:328
    sprite.o                  build/sprite.c.60468.0.s:328
    sprite.o                  build/sprite.c.60468.0.s:328
    sprite.o                  build/sprite.c.60468.0.s:328
    screen.o                  build/screen.c.55048.0.s:254
    screen.o                  build/screen.c.55048.0.s:254
    screen.o                  build/screen.c.55048.0.s:254
    random.o                  build/random.c.54732.0.s:183
    random.o                  build/random.c.54732.0.s:183
    player.o                  build/player.c.19608.0.s:219
    player.o                  build/player.c.19608.0.s:219
    main.o                    build/main.c.23100.0.s:602
    gamestate.o               build/gamestate.c.32392.0.s:790
    gamestate.o               build/gamestate.c.32392.0.s:790
    enemy.o                   build/enemy.c.33736.0.s:1200
    enemy.o                   build/enemy.c.33736.0.s:1200
    enemy.o                   build/enemy.c.33736.0.s:1200
    bullet.o                  build/bullet.c.41608.0.s:506
    bullet.o                  build/bullet.c.41608.0.s:506
pusha0 (pushax.o):
    screen.o                  build/screen.c.55048.0.s:254
    random.o                  build/random.c.54732.0.s:183
    main.o                    build/main.c.23100.0.s:602
    gamestate.o               build/gamestate.c.32392.0.s:790
    gamestate.o               build/gamestate.c.32392.0.s:790
    enemy.o                   build/enemy.c.33736.0.s:1200
pushax (pushax.o):
    callmain.o                runtime/callmain.s:11
    pushw.o                   runtime/pushw.s:8
    screen.o                  build/screen.c.55048.0.s:254
    random.o                  build/random.c.54732.0.s:183
    random.o                  build/random.c.54732.0.s:183
    player.o                  build/player.c.19608.0.s:219
    player.o                  build/player.c.19608.0.s:219
    player.o                  build/player.c.19608.0.s:219
    main.o                    build/main.c.23100.0.s:602
    input.o                   build/input.c.2884.0.s:198
    gamestate.o               build/gamestate.c.32392.0.s:790
    gamestate.o               build/gamestate.c.32392.0.s:790
    gamestate.o               build/gamestate.c.32392.0.s:790
    enemy.o                   build/enemy.c.33736.0.s:1200
    enemy.o                   build/enemy.c.33736.0.s:1200
    collision.o               build/collision.c.61032.0.s:208
    collision.o               build/collision.c.61032.0.s:208
pushw (pushw.o):
    main.o                    build/main.c.23100.0.s:602
    enemy.o                   build/enemy.c.33736.0.s:1200
    enemy.o                   build/enemy.c.33736.0.s:1200
    collision.o               build/collision.c.61032.0.s:208
pushw0sp (pushwsp.o):
    enemy.o                   build/enemy.c.33736.0.s:1200
pushwidx (pushw.o):
    collision.o               build/collision.c.61032.0.s:208
pushwysp (pushwsp.o):
    screen.o                  build/screen.c.55048.0.s:254
    enemy.o                   build/enemy.c.33736.0.s:1200
shrax3 (shrax3.o):
    bullet.o                  build/bullet.c.41608.0.s:506
sreg (zeropage.o):
    umod.o                    runtime/umod.s:9
    udiv.o                    runtime/udiv.s:10
    mod.o                     runtime/mod.s:12
    random.o                  build/random.c.54732.0.s:10
    enemy.o                   build/enemy.c.33736.0.s:10
    bullet.o                  build/bullet.c.41608.0.s:10
staxspidx (staxspi.o):
    enemy.o                   build/enemy.c.33736.0.s:1200
tmp1 (zeropage.o):
    staxspi.o                 runtime/staxspi.s:10
    shrax3.o                  runtime/shrax3.s:8
    shl.o                     runtime/shl.s:16
    shelp.o                   runtime/shelp.s:12
    mod.o                     runtime/mod.s:12
    incaxy.o                  runtime/incaxy.s:8
    decaxy.o                  runtime/decaxy.s:8
    add.o                     runtime/add.s:12
tmp2 (zeropage.o):
    shelp.o                   runtime/shelp.s:12
tosaddax (add.o):
    random.o                  build/random.c.54732.0.s:183
tosmodax (mod.o):
    random.o                  build/random.c.54732.0.s:183
    enemy.o                   build/enemy.c.33736.0.s:1200
tossuba0 (sub.o):
    random.o                  build/random.c.54732.0.s:183
tossubax (sub.o):
    enemy.o                   build/enemy.c.33736.0.s:1200
    collision.o               build/collision.c.61032.0.s:208
tosudiva0 (udiv.o):
    screen.o                  build/screen.c.55048.0.s:254
tosudivax (udiv.o):
    screen.o                  build/screen.c.55048.0.s:254
tosumoda0 (umod.o):
    screen.o                  build/screen.c.55048.0.s:254
    enemy.o                   build/enemy.c.33736.0.s:1200
    enemy.o                   build/enemy.c.33736.0.s:1200
tosumula0 (mul8.o):
    screen.o                  build/screen.c.55048.0.s:254
    random.o                  build/random.c.54732.0.s:183
udiv16 (udiv.o):
    umod.o                    runtime/umod.s:8
    shelp.o                   runtime/shelp.s:11
zerobss (zerobss.o):
    crt0.o                    c64/crt0.s:9

