Modules list:
-------------
main.o:
    CODE              Offs=000000  Size=000499  Align=00001  Fill=0000
    BSS               Offs=000000  Size=000005  Align=00001  Fill=0000
input.o:
    CODE              Offs=000499  Size=000102  Align=00001  Fill=0000
    BSS               Offs=000005  Size=000002  Align=00001  Fill=0000
    DATA              Offs=000000  Size=000001  Align=00001  Fill=0000
screen.o:
    CODE              Offs=00059B  Size=0000C5  Align=00001  Fill=0000
    BSS               Offs=000007  Size=000004  Align=00001  Fill=0000
player.o:
    CODE              Offs=000660  Size=000101  Align=00001  Fill=0000
    BSS               Offs=00000B  Size=000009  Align=00001  Fill=0000
sprite.o:
    CODE              Offs=000761  Size=000167  Align=00001  Fill=0000
    RODATA            Offs=000000  Size=00003F  Align=00001  Fill=0000
    BSS               Offs=000014  Size=000007  Align=00001  Fill=0000
C:\bin\cc65\lib/c64.lib(_cursor.o):
    BSS               Offs=00001B  Size=000001  Align=00001  Fill=0000
C:\bin\cc65\lib/c64.lib(addysp.o):
    CODE              Offs=0008C8  Size=00000E  Align=00001  Fill=0000
C:\bin\cc65\lib/c64.lib(bordercolor.o):
    CODE              Offs=0008D6  Size=000008  Align=00001  Fill=0000
C:\bin\cc65\lib/c64.lib(callmain.o):
    CODE              Offs=0008DE  Size=000017  Align=00001  Fill=0000
    DATA              Offs=000001  Size=000004  Align=00001  Fill=0000
C:\bin\cc65\lib/c64.lib(cgetc.o):
    CODE              Offs=0008F5  Size=000047  Align=00001  Fill=0000
C:\bin\cc65\lib/c64.lib(clrscr.o):
C:\bin\cc65\lib/c64.lib(color.o):
    CODE              Offs=00093C  Size=000010  Align=00001  Fill=0000
C:\bin\cc65\lib/c64.lib(condes.o):
    CODE              Offs=00094C  Size=00000C  Align=00001  Fill=0000
    DATA              Offs=000005  Size=000025  Align=00001  Fill=0000
    ONCE              Offs=000000  Size=00000C  Align=00001  Fill=0000
C:\bin\cc65\lib/c64.lib(crt0.o):
    STARTUP           Offs=000000  Size=000033  Align=00001  Fill=0000
    ONCE              Offs=00000C  Size=00001A  Align=00001  Fill=0000
    INIT              Offs=000000  Size=00001C  Align=00001  Fill=0000
C:\bin\cc65\lib/c64.lib(exehdr.o):
    EXEHDR            Offs=000000  Size=00000C  Align=00001  Fill=0000
C:\bin\cc65\lib/c64.lib(incsp2.o):
    CODE              Offs=000958  Size=000016  Align=00001  Fill=0000
C:\bin\cc65\lib/c64.lib(incsp4.o):
    CODE              Offs=00096E  Size=000005  Align=00001  Fill=0000
C:\bin\cc65\lib/c64.lib(joy-kernel.o):
    CODE              Offs=000973  Size=00004D  Align=00001  Fill=0000
    RODATA            Offs=00003F  Size=000004  Align=00001  Fill=0000
    BSS               Offs=00001C  Size=000002  Align=00001  Fill=0000
    DATA              Offs=00002A  Size=00000C  Align=00001  Fill=0000
C:\bin\cc65\lib/c64.lib(joy_read.o):
C:\bin\cc65\lib/c64.lib(joy_stat_stddrv.o):
C:\bin\cc65\lib/c64.lib(kbhit.o):
    CODE              Offs=0009C0  Size=000009  Align=00001  Fill=0000
C:\bin\cc65\lib/c64.lib(kernal.o):
C:\bin\cc65\lib/c64.lib(ldaxsp.o):
    CODE              Offs=0009C9  Size=000009  Align=00001  Fill=0000
C:\bin\cc65\lib/c64.lib(ldptr1sp.o):
    CODE              Offs=0009D2  Size=00000C  Align=00001  Fill=0000
C:\bin\cc65\lib/c64.lib(libref.o):
C:\bin\cc65\lib/c64.lib(loadaddr.o):
    LOADADDR          Offs=000000  Size=000002  Align=00001  Fill=0000
C:\bin\cc65\lib/c64.lib(mul8.o):
    CODE              Offs=0009DE  Size=00003A  Align=00001  Fill=0000
C:\bin\cc65\lib/c64.lib(popptr1.o):
    CODE              Offs=000A18  Size=00000E  Align=00001  Fill=0000
C:\bin\cc65\lib/c64.lib(pusha.o):
    CODE              Offs=000A26  Size=000016  Align=00001  Fill=0000
C:\bin\cc65\lib/c64.lib(pushax.o):
    CODE              Offs=000A3C  Size=00001A  Align=00001  Fill=0000
C:\bin\cc65\lib/c64.lib(shl.o):
    CODE              Offs=000A56  Size=000033  Align=00001  Fill=0000
C:\bin\cc65\lib/c64.lib(zerobss.o):
    CODE              Offs=000A89  Size=000023  Align=00001  Fill=0000
C:\bin\cc65\lib/c64.lib(zeropage.o):
    ZEROPAGE          Offs=000000  Size=00001A  Align=00001  Fill=0000
C:\bin\cc65\lib/c64.lib(c64-stdjoy-joy.o):
    CODE              Offs=000AAC  Size=00002F  Align=00001  Fill=0000
    DATA              Offs=000036  Size=00000E  Align=00001  Fill=0000


Segment list:
-------------
Name                   Start     End    Size  Align
----------------------------------------------------
ZEROPAGE              000002  00001B  00001A  00001
LOADADDR              0007FF  000800  000002  00001
EXEHDR                000801  00080C  00000C  00001
STARTUP               00080D  00083F  000033  00001
CODE                  000840  00131A  000ADB  00001
RODATA                00131B  00135D  000043  00001
DATA                  00135E  0013A1  000044  00001
INIT                  0013A2  0013BD  00001C  00001
BSS                   0013BE  0013DB  00001E  00001
ONCE                  0013BE  0013E3  000026  00001


Exports list by name:
---------------------
BSOUT                     00FFD2 RLA    __BSS_RUN__               0013BE RLA    
__BSS_SIZE__              00001E REA    __CONSTRUCTOR_COUNT__     000000 REA    
__CONSTRUCTOR_TABLE__     0013E4 RLA    __DESTRUCTOR_COUNT__      000000 REA    
__DESTRUCTOR_TABLE__      00135E RLA    __EXEHDR__                000001 REA    
__HEADER_LAST__           00080D RLA    __HIMEM__                 00D000 REA    
__LOADADDR__              000001 REA    __MAIN_SIZE__             00C7F3 REA    
__MAIN_START__            00080D RLA    __ONCE_RUN__              0013BE RLA    
__STACKSIZE__             000800 REA    __STARTUP__               000001 REA    
_bgcolor                  001184 RLA    _bordercolor              001116 RLA    
_c64_stdjoy_joy           001394 RLA    _cgetc                    001135 RLA    
_clrscr                   00E544 REA    _exit                     000825 RLA    
_input_cleanup            000DD2 RLA    _input_init               000CD9 RLA    
_input_read               000CF3 RLA    _joy_install              0011B3 RLA    
_joy_read                 001391 REA    _joy_static_stddrv        001394 RLA    
_joy_uninstall            0011F3 RLA    _kbhit                    001200 RLA    
_main                     000840 RLA    _player_init              000EA0 RLA    
_player_move              000EE4 RLA    _player_update            000F87 RLA    
_screen_clear             000DED RLA    _screen_init              000DDB RLA    
_screen_set_char          000E33 RLA    _sprite_enable            000FF2 RLA    
_sprite_init              000FA1 RLA    _sprite_set_color         0010BC RLA    
_sprite_set_position      001029 RLA    _textcolor                00117C RLA    
addysp                    001109 RLA    aslaxy                    00129D RLA    
c_sp                      000002 RLZ    callmain                  00111E RLA    
cursor                    0013D9 RLA    donelib                   00118C RLA    
incsp2                    0011A0 RLA    incsp4                    0011AE RLA    
initlib                   0013BE RLA    joy_libref                000825 RLA    
joy_read                  001391 RLA    ldax0sp                   001209 RLA    
ldaxysp                   00120B RLA    ldptr10sp                 001212 RLA    
popax                     001198 RLA    popptr1                   001258 RLA    
ptr1                      00000A RLZ    ptr4                      000010 RLZ    
pusha                     00126A RLA    pusha0                    00127E RLA    
pushax                    001280 RLA    tmp1                      000012 RLZ    
tosumula0                 00121E RLA    zerobss                   0012C9 RLA    



Exports list by value:
----------------------
__DESTRUCTOR_COUNT__      000000 REA    __CONSTRUCTOR_COUNT__     000000 REA    
__EXEHDR__                000001 REA    __STARTUP__               000001 REA    
__LOADADDR__              000001 REA    c_sp                      000002 RLZ    
ptr1                      00000A RLZ    ptr4                      000010 RLZ    
tmp1                      000012 RLZ    __BSS_SIZE__              00001E REA    
__STACKSIZE__             000800 REA    __MAIN_START__            00080D RLA    
__HEADER_LAST__           00080D RLA    _exit                     000825 RLA    
joy_libref                000825 RLA    _main                     000840 RLA    
_input_init               000CD9 RLA    _input_read               000CF3 RLA    
_input_cleanup            000DD2 RLA    _screen_init              000DDB RLA    
_screen_clear             000DED RLA    _screen_set_char          000E33 RLA    
_player_init              000EA0 RLA    _player_move              000EE4 RLA    
_player_update            000F87 RLA    _sprite_init              000FA1 RLA    
_sprite_enable            000FF2 RLA    _sprite_set_position      001029 RLA    
_sprite_set_color         0010BC RLA    addysp                    001109 RLA    
_bordercolor              001116 RLA    callmain                  00111E RLA    
_cgetc                    001135 RLA    _textcolor                00117C RLA    
_bgcolor                  001184 RLA    donelib                   00118C RLA    
popax                     001198 RLA    incsp2                    0011A0 RLA    
incsp4                    0011AE RLA    _joy_install              0011B3 RLA    
_joy_uninstall            0011F3 RLA    _kbhit                    001200 RLA    
ldax0sp                   001209 RLA    ldaxysp                   00120B RLA    
ldptr10sp                 001212 RLA    tosumula0                 00121E RLA    
popptr1                   001258 RLA    pusha                     00126A RLA    
pusha0                    00127E RLA    pushax                    001280 RLA    
aslaxy                    00129D RLA    zerobss                   0012C9 RLA    
__DESTRUCTOR_TABLE__      00135E RLA    _joy_read                 001391 REA    
joy_read                  001391 RLA    _joy_static_stddrv        001394 RLA    
_c64_stdjoy_joy           001394 RLA    __ONCE_RUN__              0013BE RLA    
__BSS_RUN__               0013BE RLA    initlib                   0013BE RLA    
cursor                    0013D9 RLA    __CONSTRUCTOR_TABLE__     0013E4 RLA    
__MAIN_SIZE__             00C7F3 REA    __HIMEM__                 00D000 REA    
_clrscr                   00E544 REA    BSOUT                     00FFD2 RLA    



Imports list:
-------------
BSOUT (kernal.o):
    crt0.o                    c64/crt0.s:10
__BSS_RUN__ ([linker generated]):
    zerobss.o                 common/zerobss.s:8
__BSS_SIZE__ ([linker generated]):
    zerobss.o                 common/zerobss.s:8
__CONSTRUCTOR_COUNT__ ([linker generated]):
    condes.o                  runtime/condes.s:18
__CONSTRUCTOR_TABLE__ ([linker generated]):
    condes.o                  runtime/condes.s:18
__DESTRUCTOR_COUNT__ ([linker generated]):
    condes.o                  runtime/condes.s:19
__DESTRUCTOR_TABLE__ ([linker generated]):
    condes.o                  runtime/condes.s:19
__EXEHDR__ (exehdr.o):
    [linker generated]        C:\bin\cc65\cfg/c64.cfg:6
__HEADER_LAST__ ([linker generated]):
    [linker generated]        C:\bin\cc65\cfg/c64.cfg:14
    [linker generated]        C:\bin\cc65\cfg/c64.cfg:14
__HIMEM__ ([linker generated]):
    [linker generated]        C:\bin\cc65\cfg/c64.cfg:15
    [linker generated]        C:\bin\cc65\cfg/c64.cfg:14
__LOADADDR__ (loadaddr.o):
    [linker generated]        C:\bin\cc65\cfg/c64.cfg:5
__MAIN_SIZE__ ([linker generated]):
    crt0.o                    c64/crt0.s:11
__MAIN_START__ ([linker generated]):
    crt0.o                    c64/crt0.s:11
__ONCE_RUN__ ([linker generated]):
    [linker generated]        C:\bin\cc65\cfg/c64.cfg:15
    [linker generated]        C:\bin\cc65\cfg/c64.cfg:15
__STACKSIZE__ ([linker generated]):
    [linker generated]        C:\bin\cc65\cfg/c64.cfg:15
__STARTUP__ (crt0.o):
    main.o                    build/main.c.37164.0.s:13
_bgcolor (color.o):
    screen.o                  build/screen.c.19172.0.s:15
_bordercolor (bordercolor.o):
    screen.o                  build/screen.c.19172.0.s:16
_c64_stdjoy_joy (c64-stdjoy-joy.o):
    joy_stat_stddrv.o         c64/joy_stat_stddrv.s:10
_cgetc (cgetc.o):
    input.o                   build/input.c.7356.0.s:21
_clrscr (clrscr.o):
    screen.o                  build/screen.c.19172.0.s:13
_exit (crt0.o):
    libref.o                  c64/libref.s:11
_input_cleanup (input.o):
    main.o                    build/main.c.37164.0.s:22
_input_init (input.o):
    main.o                    build/main.c.37164.0.s:20
_input_read (input.o):
    main.o                    build/main.c.37164.0.s:21
_joy_install (joy-kernel.o):
    input.o                   build/input.c.7356.0.s:17
_joy_read (joy_read.o):
    input.o                   build/input.c.7356.0.s:19
_joy_static_stddrv (joy_stat_stddrv.o):
    input.o                   build/input.c.7356.0.s:16
_joy_uninstall (joy-kernel.o):
    input.o                   build/input.c.7356.0.s:18
_kbhit (kbhit.o):
    input.o                   build/input.c.7356.0.s:20
_main (main.o):
    callmain.o                runtime/callmain.s:11
_player_init (player.o):
    main.o                    build/main.c.37164.0.s:17
_player_move (player.o):
    main.o                    build/main.c.37164.0.s:18
_player_update (player.o):
    main.o                    build/main.c.37164.0.s:19
_screen_clear (screen.o):
    main.o                    build/main.c.37164.0.s:15
_screen_init (screen.o):
    main.o                    build/main.c.37164.0.s:14
_screen_set_char (screen.o):
    main.o                    build/main.c.37164.0.s:16
_sprite_enable (sprite.o):
    player.o                  build/player.c.9252.0.s:18
_sprite_init (sprite.o):
    player.o                  build/player.c.9252.0.s:17
_sprite_set_color (sprite.o):
    player.o                  build/player.c.9252.0.s:20
_sprite_set_position (sprite.o):
    player.o                  build/player.c.9252.0.s:19
_textcolor (color.o):
    screen.o                  build/screen.c.19172.0.s:14
addysp (addysp.o):
    incsp4.o                  runtime/incsp4.s:8
aslaxy (shl.o):
    sprite.o                  build/sprite.c.60468.0.s:328
    sprite.o                  build/sprite.c.60468.0.s:328
    sprite.o                  build/sprite.c.60468.0.s:328
c_sp (zeropage.o):
    addysp.o                  runtime/addysp.s:8
    pushax.o                  runtime/pushax.s:8
    pusha.o                   runtime/pusha.s:8
    popptr1.o                 runtime/popptr1.s:9
    ldptr1sp.o                runtime/ldptr1sp.s:8
    ldaxsp.o                  runtime/ldaxsp.s:8
    incsp2.o                  runtime/incsp2.s:8
    crt0.o                    /home/runner/work/cc65/cc65/asminc/zeropage.inc:11
    sprite.o                  build/sprite.c.60468.0.s:10
    screen.o                  build/screen.c.19172.0.s:10
callmain (callmain.o):
    crt0.o                    c64/crt0.s:9
cursor (_cursor.o):
    cgetc.o                   c64/cgetc.s:8
donelib (condes.o):
    crt0.o                    c64/crt0.s:8
incsp2 (incsp2.o):
    popptr1.o                 runtime/popptr1.s:8
    sprite.o                  build/sprite.c.60468.0.s:328
    sprite.o                  build/sprite.c.60468.0.s:328
    sprite.o                  build/sprite.c.60468.0.s:328
    screen.o                  build/screen.c.19172.0.s:173
    input.o                   build/input.c.7356.0.s:188
incsp4 (incsp4.o):
    sprite.o                  build/sprite.c.60468.0.s:328
    player.o                  build/player.c.9252.0.s:187
    screen.o                  build/screen.c.19172.0.s:173
initlib (condes.o):
    crt0.o                    c64/crt0.s:8
joy_libref (libref.o):
    joy-kernel.o              joystick/joy-kernel.s:7
joy_read (joy-kernel.o):
    joy_read.o                /home/runner/work/cc65/cc65/asminc/joy-kernel.inc:71
ldax0sp (ldaxsp.o):
    player.o                  build/player.c.9252.0.s:187
ldaxysp (ldaxsp.o):
    sprite.o                  build/sprite.c.60468.0.s:328
    player.o                  build/player.c.9252.0.s:187
ldptr10sp (ldptr1sp.o):
    input.o                   build/input.c.7356.0.s:188
popax (incsp2.o):
    shl.o                     runtime/shl.s:15
popptr1 (popptr1.o):
    mul8.o                    runtime/mul8.s:9
ptr1 (zeropage.o):
    zerobss.o                 common/zerobss.s:9
    popptr1.o                 runtime/popptr1.s:9
    mul8.o                    runtime/mul8.s:10
    ldptr1sp.o                runtime/ldptr1sp.s:8
    joy-kernel.o              joystick/joy-kernel.s:8
    sprite.o                  build/sprite.c.60468.0.s:11
    screen.o                  build/screen.c.19172.0.s:11
    input.o                   build/input.c.7356.0.s:11
ptr4 (zeropage.o):
    mul8.o                    runtime/mul8.s:10
pusha (pusha.o):
    sprite.o                  build/sprite.c.60468.0.s:328
    sprite.o                  build/sprite.c.60468.0.s:328
    sprite.o                  build/sprite.c.60468.0.s:328
    sprite.o                  build/sprite.c.60468.0.s:328
    player.o                  build/player.c.9252.0.s:187
    player.o                  build/player.c.9252.0.s:187
    screen.o                  build/screen.c.19172.0.s:173
    screen.o                  build/screen.c.19172.0.s:173
    main.o                    build/main.c.37164.0.s:516
pusha0 (pushax.o):
    screen.o                  build/screen.c.19172.0.s:173
pushax (pushax.o):
    callmain.o                runtime/callmain.s:11
    player.o                  build/player.c.9252.0.s:187
    player.o                  build/player.c.9252.0.s:187
    player.o                  build/player.c.9252.0.s:187
    input.o                   build/input.c.7356.0.s:188
    main.o                    build/main.c.37164.0.s:516
tmp1 (zeropage.o):
    shl.o                     runtime/shl.s:16
tosumula0 (mul8.o):
    screen.o                  build/screen.c.19172.0.s:173
zerobss (zerobss.o):
    crt0.o                    c64/crt0.s:9

