Modules list:
-------------
main.o:
    CODE              Offs=000000  Size=000035  Align=00001  Fill=0000
    RODATA            Offs=000000  Size=000025  Align=00001  Fill=0000
intro.o:
    CODE              Offs=000035  Size=000E59  Align=00001  Fill=0000
    RODATA            Offs=000025  Size=000369  Align=00001  Fill=0000
    BSS               Offs=000000  Size=000051  Align=00001  Fill=0000
screen.o:
    CODE              Offs=000E8E  Size=00035D  Align=00001  Fill=0000
    BSS               Offs=000051  Size=00000B  Align=00001  Fill=0000
sprite.o:
    CODE              Offs=0011EB  Size=0001D6  Align=00001  Fill=0000
    BSS               Offs=00005C  Size=000007  Align=00001  Fill=0000
sprite_data.o:
    RODATA            Offs=00038E  Size=0002F4  Align=00001  Fill=0000
C:\bin\cc65\lib/c64.lib(_cursor.o):
    BSS               Offs=000063  Size=000001  Align=00001  Fill=0000
C:\bin\cc65\lib/c64.lib(add.o):
    CODE              Offs=0013C1  Size=00001C  Align=00001  Fill=0000
C:\bin\cc65\lib/c64.lib(addysp.o):
    CODE              Offs=0013DD  Size=00000E  Align=00001  Fill=0000
C:\bin\cc65\lib/c64.lib(aslax1.o):
    CODE              Offs=0013EB  Size=000008  Align=00001  Fill=0000
C:\bin\cc65\lib/c64.lib(bordercolor.o):
    CODE              Offs=0013F3  Size=000008  Align=00001  Fill=0000
C:\bin\cc65\lib/c64.lib(callmain.o):
    CODE              Offs=0013FB  Size=000017  Align=00001  Fill=0000
    DATA              Offs=000000  Size=000004  Align=00001  Fill=0000
C:\bin\cc65\lib/c64.lib(cgetc.o):
    CODE              Offs=001412  Size=000047  Align=00001  Fill=0000
C:\bin\cc65\lib/c64.lib(clrscr.o):
C:\bin\cc65\lib/c64.lib(color.o):
    CODE              Offs=001459  Size=000010  Align=00001  Fill=0000
C:\bin\cc65\lib/c64.lib(condes.o):
    CODE              Offs=001469  Size=00000C  Align=00001  Fill=0000
    DATA              Offs=000004  Size=000025  Align=00001  Fill=0000
    ONCE              Offs=000000  Size=00000C  Align=00001  Fill=0000
C:\bin\cc65\lib/c64.lib(crt0.o):
    STARTUP           Offs=000000  Size=000033  Align=00001  Fill=0000
    ONCE              Offs=00000C  Size=00001A  Align=00001  Fill=0000
    INIT              Offs=000000  Size=00001C  Align=00001  Fill=0000
C:\bin\cc65\lib/c64.lib(decax7.o):
    CODE              Offs=001475  Size=000007  Align=00001  Fill=0000
C:\bin\cc65\lib/c64.lib(div.o):
    CODE              Offs=00147C  Size=000015  Align=00001  Fill=0000
C:\bin\cc65\lib/c64.lib(exehdr.o):
    EXEHDR            Offs=000000  Size=00000C  Align=00001  Fill=0000
C:\bin\cc65\lib/c64.lib(incax1.o):
    CODE              Offs=001491  Size=000007  Align=00001  Fill=0000
C:\bin\cc65\lib/c64.lib(incaxy.o):
    CODE              Offs=001498  Size=00000B  Align=00001  Fill=0000
C:\bin\cc65\lib/c64.lib(incsp1.o):
    CODE              Offs=0014A3  Size=000007  Align=00001  Fill=0000
C:\bin\cc65\lib/c64.lib(incsp2.o):
    CODE              Offs=0014AA  Size=000016  Align=00001  Fill=0000
C:\bin\cc65\lib/c64.lib(incsp4.o):
    CODE              Offs=0014C0  Size=000005  Align=00001  Fill=0000
C:\bin\cc65\lib/c64.lib(incsp5.o):
    CODE              Offs=0014C5  Size=000005  Align=00001  Fill=0000
C:\bin\cc65\lib/c64.lib(incsp8.o):
    CODE              Offs=0014CA  Size=000005  Align=00001  Fill=0000
C:\bin\cc65\lib/c64.lib(kbhit.o):
    CODE              Offs=0014CF  Size=000009  Align=00001  Fill=0000
C:\bin\cc65\lib/c64.lib(kernal.o):
C:\bin\cc65\lib/c64.lib(ldaxsp.o):
    CODE              Offs=0014D8  Size=000009  Align=00001  Fill=0000
C:\bin\cc65\lib/c64.lib(loadaddr.o):
    LOADADDR          Offs=000000  Size=000002  Align=00001  Fill=0000
C:\bin\cc65\lib/c64.lib(mod.o):
    CODE              Offs=0014E1  Size=000011  Align=00001  Fill=0000
C:\bin\cc65\lib/c64.lib(mul8.o):
    CODE              Offs=0014F2  Size=00003A  Align=00001  Fill=0000
C:\bin\cc65\lib/c64.lib(negabs.o):
    CODE              Offs=00152C  Size=000012  Align=00001  Fill=0000
C:\bin\cc65\lib/c64.lib(popptr1.o):
    CODE              Offs=00153E  Size=00000E  Align=00001  Fill=0000
C:\bin\cc65\lib/c64.lib(pusha.o):
    CODE              Offs=00154C  Size=000016  Align=00001  Fill=0000
C:\bin\cc65\lib/c64.lib(pushax.o):
    CODE              Offs=001562  Size=00001A  Align=00001  Fill=0000
C:\bin\cc65\lib/c64.lib(pushw.o):
    CODE              Offs=00157C  Size=00000F  Align=00001  Fill=0000
C:\bin\cc65\lib/c64.lib(pushwsp.o):
    CODE              Offs=00158B  Size=00001C  Align=00001  Fill=0000
C:\bin\cc65\lib/c64.lib(shelp.o):
    CODE              Offs=0015A7  Size=000020  Align=00001  Fill=0000
C:\bin\cc65\lib/c64.lib(shl.o):
    CODE              Offs=0015C7  Size=000033  Align=00001  Fill=0000
C:\bin\cc65\lib/c64.lib(shrax2.o):
    CODE              Offs=0015FA  Size=00000B  Align=00001  Fill=0000
C:\bin\cc65\lib/c64.lib(shrax4.o):
    CODE              Offs=001605  Size=000011  Align=00001  Fill=0000
C:\bin\cc65\lib/c64.lib(strlen.o):
    CODE              Offs=001616  Size=000016  Align=00001  Fill=0000
C:\bin\cc65\lib/c64.lib(sub.o):
    CODE              Offs=00162C  Size=000015  Align=00001  Fill=0000
C:\bin\cc65\lib/c64.lib(udiv.o):
    CODE              Offs=001641  Size=00004F  Align=00001  Fill=0000
C:\bin\cc65\lib/c64.lib(umod.o):
    CODE              Offs=001690  Size=000011  Align=00001  Fill=0000
C:\bin\cc65\lib/c64.lib(waitvsync.o):
    CODE              Offs=0016A1  Size=00000B  Align=00001  Fill=0000
C:\bin\cc65\lib/c64.lib(zerobss.o):
    CODE              Offs=0016AC  Size=000023  Align=00001  Fill=0000
C:\bin\cc65\lib/c64.lib(zeropage.o):
    ZEROPAGE          Offs=000000  Size=00001A  Align=00001  Fill=0000


Segment list:
-------------
Name                   Start     End    Size  Align
----------------------------------------------------
ZEROPAGE              000002  00001B  00001A  00001
LOADADDR              0007FF  000800  000002  00001
EXEHDR                000801  00080C  00000C  00001
STARTUP               00080D  00083F  000033  00001
CODE                  000840  001F0E  0016CF  00001
RODATA                001F0F  002590  000682  00001
DATA                  002591  0025B9  000029  00001
INIT                  0025BA  0025D5  00001C  00001
BSS                   0025D6  002639  000064  00001
ONCE                  0025D6  0025FB  000026  00001


Exports list by name:
---------------------
BSOUT                     00FFD2 RLA    __BSS_RUN__               0025D6 RLA    
__BSS_SIZE__              000064 REA    __CONSTRUCTOR_COUNT__     000000 REA    
__CONSTRUCTOR_TABLE__     0025FC RLA    __DESTRUCTOR_COUNT__      000000 REA    
__DESTRUCTOR_TABLE__      002591 RLA    __EXEHDR__                000001 REA    
__HEADER_LAST__           00080D RLA    __HIMEM__                 00D000 REA    
__LOADADDR__              000001 REA    __MAIN_SIZE__             00C7F3 REA    
__MAIN_START__            00080D RLA    __ONCE_RUN__              0025D6 RLA    
__STACKSIZE__             000800 REA    __STARTUP__               000001 REA    
_bgcolor                  001CA1 RLA    _bordercolor              001C33 RLA    
_cgetc                    001C52 RLA    _clrscr                   00E544 REA    
_intro_run                00087B RLA    _kbhit                    001D0F RLA    
_main                     000840 RLA    _screen_clear             0016E0 RLA    
_screen_draw_box          001909 RLA    _screen_init              0016CE RLA    
_screen_print_centered    001823 RLA    _screen_print_string      00177E RLA    
_screen_set_char          001726 RLA    _sprite_arrow             0024D4 RLA    
_sprite_card              00235A RLA    _sprite_cursor            002399 RLA    
_sprite_enable            001AA1 RLA    _sprite_ftp               002552 RLA    
_sprite_init              001A2B RLA    _sprite_lewis             002513 RLA    
_sprite_load              001A40 RLA    _sprite_person_frame1     00229D RLA    
_sprite_person_frame2     0022DC RLA    _sprite_person_frame3     00231B RLA    
_sprite_set_color         001B6B RLA    _sprite_set_expand_y      001B80 RLA    
_sprite_set_multicolor    001BB7 RLA    _sprite_set_multicolor_shared 001BEE RLA    
_sprite_set_position      001AD8 RLA    _sprite_spinner_frame1    0023D8 RLA    
_sprite_spinner_frame2    002417 RLA    _sprite_spinner_frame3    002456 RLA    
_sprite_spinner_frame4    002495 RLA    _strlen                   001E56 RLA    
_textcolor                001C99 RLA    _waitvsync                001EE1 RLA    
addysp                    001C1E RLA    addysp1                   001C1D RLA    
aslax1                    001C2B RLA    aslaxy                    001E0E RLA    
c_sp                      000002 RLZ    callmain                  001C3B RLA    
cursor                    002639 RLA    decax7                    001CB5 RLA    
donelib                   001CA9 RLA    incax1                    001CD1 RLA    
incaxy                    001CDA RLA    incsp1                    001CE3 RLA    
incsp2                    001CF2 RLA    incsp4                    001D00 RLA    
incsp5                    001D05 RLA    incsp8                    001D0A RLA    
initlib                   0025D6 RLA    ldax0sp                   001D18 RLA    
ldaxysp                   001D1A RLA    negax                     001D70 RLA    
popax                     001CEA RLA    popptr1                   001D7E RLA    
popsargsudiv16            001DE7 RLA    ptr1                      00000A RLZ    
ptr4                      000010 RLZ    pusha                     001D90 RLA    
pusha0                    001DA4 RLA    pushax                    001DA6 RLA    
pushw                     001DBC RLA    pushwysp                  001DCD RLA    
shrax2                    001E3A RLA    shrax4                    001E45 RLA    
sreg                      000004 RLZ    tmp1                      000012 RLZ    
tmp2                      000013 RLZ    tosaddax                  001C03 RLA    
tosdiva0                  001CBC RLA    tosmoda0                  001D21 RLA    
tosmula0                  001D32 RLA    tossubax                  001E6E RLA    
tosudiva0                 001E81 RLA    tosumoda0                 001ED0 RLA    
tosumula0                 001D32 RLA    udiv16                    001E92 RLA    
zerobss                   001EEC RLA    


Exports list by value:
----------------------
__CONSTRUCTOR_COUNT__     000000 REA    __DESTRUCTOR_COUNT__      000000 REA    
__LOADADDR__              000001 REA    __STARTUP__               000001 REA    
__EXEHDR__                000001 REA    c_sp                      000002 RLZ    
sreg                      000004 RLZ    ptr1                      00000A RLZ    
ptr4                      000010 RLZ    tmp1                      000012 RLZ    
tmp2                      000013 RLZ    __BSS_SIZE__              000064 REA    
__STACKSIZE__             000800 REA    __MAIN_START__            00080D RLA    
__HEADER_LAST__           00080D RLA    _main                     000840 RLA    
_intro_run                00087B RLA    _screen_init              0016CE RLA    
_screen_clear             0016E0 RLA    _screen_set_char          001726 RLA    
_screen_print_string      00177E RLA    _screen_print_centered    001823 RLA    
_screen_draw_box          001909 RLA    _sprite_init              001A2B RLA    
_sprite_load              001A40 RLA    _sprite_enable            001AA1 RLA    
_sprite_set_position      001AD8 RLA    _sprite_set_color         001B6B RLA    
_sprite_set_expand_y      001B80 RLA    _sprite_set_multicolor    001BB7 RLA    
_sprite_set_multicolor_shared 001BEE RLA    tosaddax                  001C03 RLA    
addysp1                   001C1D RLA    addysp                    001C1E RLA    
aslax1                    001C2B RLA    _bordercolor              001C33 RLA    
callmain                  001C3B RLA    _cgetc                    001C52 RLA    
_textcolor                001C99 RLA    _bgcolor                  001CA1 RLA    
donelib                   001CA9 RLA    decax7                    001CB5 RLA    
tosdiva0                  001CBC RLA    incax1                    001CD1 RLA    
incaxy                    001CDA RLA    incsp1                    001CE3 RLA    
popax                     001CEA RLA    incsp2                    001CF2 RLA    
incsp4                    001D00 RLA    incsp5                    001D05 RLA    
incsp8                    001D0A RLA    _kbhit                    001D0F RLA    
ldax0sp                   001D18 RLA    ldaxysp                   001D1A RLA    
tosmoda0                  001D21 RLA    tosmula0                  001D32 RLA    
tosumula0                 001D32 RLA    negax                     001D70 RLA    
popptr1                   001D7E RLA    pusha                     001D90 RLA    
pusha0                    001DA4 RLA    pushax                    001DA6 RLA    
pushw                     001DBC RLA    pushwysp                  001DCD RLA    
popsargsudiv16            001DE7 RLA    aslaxy                    001E0E RLA    
shrax2                    001E3A RLA    shrax4                    001E45 RLA    
_strlen                   001E56 RLA    tossubax                  001E6E RLA    
tosudiva0                 001E81 RLA    udiv16                    001E92 RLA    
tosumoda0                 001ED0 RLA    _waitvsync                001EE1 RLA    
zerobss                   001EEC RLA    _sprite_person_frame1     00229D RLA    
_sprite_person_frame2     0022DC RLA    _sprite_person_frame3     00231B RLA    
_sprite_card              00235A RLA    _sprite_cursor            002399 RLA    
_sprite_spinner_frame1    0023D8 RLA    _sprite_spinner_frame2    002417 RLA    
_sprite_spinner_frame3    002456 RLA    _sprite_spinner_frame4    002495 RLA    
_sprite_arrow             0024D4 RLA    _sprite_lewis             002513 RLA    
_sprite_ftp               002552 RLA    __DESTRUCTOR_TABLE__      002591 RLA    
__ONCE_RUN__              0025D6 RLA    __BSS_RUN__               0025D6 RLA    
initlib                   0025D6 RLA    __CONSTRUCTOR_TABLE__     0025FC RLA    
cursor                    002639 RLA    __MAIN_SIZE__             00C7F3 REA    
__HIMEM__                 00D000 REA    _clrscr                   00E544 REA    
BSOUT                     00FFD2 RLA    


Imports list:
-------------
BSOUT (kernal.o):
    crt0.o                    c64/crt0.s:10
__BSS_RUN__ ([linker generated]):
    zerobss.o                 common/zerobss.s:8
__BSS_SIZE__ ([linker generated]):
    zerobss.o                 common/zerobss.s:8
__CONSTRUCTOR_COUNT__ ([linker generated]):
    condes.o                  runtime/condes.s:18
__CONSTRUCTOR_TABLE__ ([linker generated]):
    condes.o                  runtime/condes.s:18
__DESTRUCTOR_COUNT__ ([linker generated]):
    condes.o                  runtime/condes.s:19
__DESTRUCTOR_TABLE__ ([linker generated]):
    condes.o                  runtime/condes.s:19
__EXEHDR__ (exehdr.o):
    [linker generated]        C:\bin\cc65\cfg/c64.cfg:6
__HEADER_LAST__ ([linker generated]):
    [linker generated]        C:\bin\cc65\cfg/c64.cfg:14
    [linker generated]        C:\bin\cc65\cfg/c64.cfg:14
__HIMEM__ ([linker generated]):
    [linker generated]        C:\bin\cc65\cfg/c64.cfg:15
    [linker generated]        C:\bin\cc65\cfg/c64.cfg:14
__LOADADDR__ (loadaddr.o):
    [linker generated]        C:\bin\cc65\cfg/c64.cfg:5
__MAIN_SIZE__ ([linker generated]):
    crt0.o                    c64/crt0.s:11
__MAIN_START__ ([linker generated]):
    crt0.o                    c64/crt0.s:11
__ONCE_RUN__ ([linker generated]):
    [linker generated]        C:\bin\cc65\cfg/c64.cfg:15
    [linker generated]        C:\bin\cc65\cfg/c64.cfg:15
__STACKSIZE__ ([linker generated]):
    [linker generated]        C:\bin\cc65\cfg/c64.cfg:15
__STARTUP__ (crt0.o):
    main.o                    build/main.c.50124.0.s:13
_bgcolor (color.o):
    screen.o                  build/screen.c.36908.0.s:15
_bordercolor (bordercolor.o):
    screen.o                  build/screen.c.36908.0.s:16
_cgetc (cgetc.o):
    intro.o                   build/intro.c.49704.0.s:39
    main.o                    build/main.c.50124.0.s:16
_clrscr (clrscr.o):
    screen.o                  build/screen.c.36908.0.s:13
_intro_run (intro.o):
    main.o                    build/main.c.50124.0.s:14
_kbhit (kbhit.o):
    intro.o                   build/intro.c.49704.0.s:38
    main.o                    build/main.c.50124.0.s:15
_main (main.o):
    callmain.o                runtime/callmain.s:11
_screen_clear (screen.o):
    intro.o                   build/intro.c.49704.0.s:41
    main.o                    build/main.c.50124.0.s:17
_screen_draw_box (screen.o):
    intro.o                   build/intro.c.49704.0.s:45
_screen_init (screen.o):
    intro.o                   build/intro.c.49704.0.s:40
_screen_print_centered (screen.o):
    intro.o                   build/intro.c.49704.0.s:44
    main.o                    build/main.c.50124.0.s:18
_screen_print_string (screen.o):
    intro.o                   build/intro.c.49704.0.s:43
_screen_set_char (screen.o):
    intro.o                   build/intro.c.49704.0.s:42
_sprite_arrow (sprite_data.o):
    intro.o                   build/intro.c.49704.0.s:34
_sprite_card (sprite_data.o):
    intro.o                   build/intro.c.49704.0.s:28
_sprite_cursor (sprite_data.o):
    intro.o                   build/intro.c.49704.0.s:29
_sprite_enable (sprite.o):
    intro.o                   build/intro.c.49704.0.s:19
_sprite_ftp (sprite_data.o):
    intro.o                   build/intro.c.49704.0.s:36
_sprite_init (sprite.o):
    intro.o                   build/intro.c.49704.0.s:17
_sprite_lewis (sprite_data.o):
    intro.o                   build/intro.c.49704.0.s:35
_sprite_load (sprite.o):
    intro.o                   build/intro.c.49704.0.s:18
_sprite_person_frame1 (sprite_data.o):
    intro.o                   build/intro.c.49704.0.s:25
_sprite_person_frame2 (sprite_data.o):
    intro.o                   build/intro.c.49704.0.s:26
_sprite_person_frame3 (sprite_data.o):
    intro.o                   build/intro.c.49704.0.s:27
_sprite_set_color (sprite.o):
    intro.o                   build/intro.c.49704.0.s:21
_sprite_set_expand_y (sprite.o):
    intro.o                   build/intro.c.49704.0.s:22
_sprite_set_multicolor (sprite.o):
    intro.o                   build/intro.c.49704.0.s:23
_sprite_set_multicolor_shared (sprite.o):
    intro.o                   build/intro.c.49704.0.s:24
_sprite_set_position (sprite.o):
    intro.o                   build/intro.c.49704.0.s:20
_sprite_spinner_frame1 (sprite_data.o):
    intro.o                   build/intro.c.49704.0.s:30
_sprite_spinner_frame2 (sprite_data.o):
    intro.o                   build/intro.c.49704.0.s:31
_sprite_spinner_frame3 (sprite_data.o):
    intro.o                   build/intro.c.49704.0.s:32
_sprite_spinner_frame4 (sprite_data.o):
    intro.o                   build/intro.c.49704.0.s:33
_strlen (strlen.o):
    screen.o                  build/screen.c.36908.0.s:25
    intro.o                   build/intro.c.49704.0.s:46
_textcolor (color.o):
    screen.o                  build/screen.c.36908.0.s:14
_waitvsync (waitvsync.o):
    intro.o                   build/intro.c.49704.0.s:37
addysp (addysp.o):
    incsp8.o                  runtime/incsp8.s:8
    incsp5.o                  runtime/incsp5.s:8
    incsp4.o                  runtime/incsp4.s:8
addysp1 (addysp.o):
    sub.o                     runtime/sub.s:8
aslax1 (aslax1.o):
    intro.o                   build/intro.c.49704.0.s:1974
    intro.o                   build/intro.c.49704.0.s:1974
aslaxy (shl.o):
    sprite.o                  build/sprite.c.45212.0.s:353
    sprite.o                  build/sprite.c.45212.0.s:353
    sprite.o                  build/sprite.c.45212.0.s:353
    sprite.o                  build/sprite.c.45212.0.s:353
c_sp (zeropage.o):
    addysp.o                  runtime/addysp.s:8
    sub.o                     runtime/sub.s:9
    pushwsp.o                 runtime/pushwsp.s:8
    pushax.o                  runtime/pushax.s:8
    pusha.o                   runtime/pusha.s:8
    popptr1.o                 runtime/popptr1.s:9
    ldaxsp.o                  runtime/ldaxsp.s:8
    incsp2.o                  runtime/incsp2.s:8
    incsp1.o                  runtime/incsp1.s:8
    crt0.o                    /home/runner/work/cc65/cc65/asminc/zeropage.inc:11
    add.o                     runtime/add.s:12
    sprite.o                  build/sprite.c.45212.0.s:10
    screen.o                  build/screen.c.36908.0.s:10
    intro.o                   build/intro.c.49704.0.s:10
callmain (callmain.o):
    crt0.o                    c64/crt0.s:9
cursor (_cursor.o):
    cgetc.o                   c64/cgetc.s:8
decax7 (decax7.o):
    intro.o                   build/intro.c.49704.0.s:1974
donelib (condes.o):
    crt0.o                    c64/crt0.s:8
incax1 (incax1.o):
    intro.o                   build/intro.c.49704.0.s:1974
incaxy (incaxy.o):
    intro.o                   build/intro.c.49704.0.s:1974
incsp1 (incsp1.o):
    intro.o                   build/intro.c.49704.0.s:1974
incsp2 (incsp2.o):
    popptr1.o                 runtime/popptr1.s:8
    sprite.o                  build/sprite.c.45212.0.s:353
    sprite.o                  build/sprite.c.45212.0.s:353
    sprite.o                  build/sprite.c.45212.0.s:353
    sprite.o                  build/sprite.c.45212.0.s:353
    sprite.o                  build/sprite.c.45212.0.s:353
incsp4 (incsp4.o):
    sprite.o                  build/sprite.c.45212.0.s:353
    screen.o                  build/screen.c.36908.0.s:557
    screen.o                  build/screen.c.36908.0.s:557
incsp5 (incsp5.o):
    sprite.o                  build/sprite.c.45212.0.s:353
    screen.o                  build/screen.c.36908.0.s:557
    screen.o                  build/screen.c.36908.0.s:557
    screen.o                  build/screen.c.36908.0.s:557
    screen.o                  build/screen.c.36908.0.s:557
    intro.o                   build/intro.c.49704.0.s:1974
incsp8 (incsp8.o):
    intro.o                   build/intro.c.49704.0.s:1974
initlib (condes.o):
    crt0.o                    c64/crt0.s:8
ldax0sp (ldaxsp.o):
    sprite.o                  build/sprite.c.45212.0.s:353
ldaxysp (ldaxsp.o):
    sprite.o                  build/sprite.c.45212.0.s:353
    sprite.o                  build/sprite.c.45212.0.s:353
    screen.o                  build/screen.c.36908.0.s:557
    screen.o                  build/screen.c.36908.0.s:557
    intro.o                   build/intro.c.49704.0.s:1974
    intro.o                   build/intro.c.49704.0.s:1974
negax (negabs.o):
    shelp.o                   runtime/shelp.s:11
    mod.o                     runtime/mod.s:11
    div.o                     runtime/div.s:11
popax (incsp2.o):
    shl.o                     runtime/shl.s:15
    shelp.o                   runtime/shelp.s:11
popptr1 (popptr1.o):
    umod.o                    runtime/umod.s:8
    udiv.o                    runtime/udiv.s:9
    mul8.o                    runtime/mul8.s:9
popsargsudiv16 (shelp.o):
    mod.o                     runtime/mod.s:11
    div.o                     runtime/div.s:11
ptr1 (zeropage.o):
    zerobss.o                 common/zerobss.s:9
    udiv.o                    runtime/udiv.s:10
    shelp.o                   runtime/shelp.s:12
    pushw.o                   runtime/pushw.s:9
    popptr1.o                 runtime/popptr1.s:9
    mul8.o                    runtime/mul8.s:10
    div.o                     runtime/div.s:12
    sprite.o                  build/sprite.c.45212.0.s:11
    screen.o                  build/screen.c.36908.0.s:11
    intro.o                   build/intro.c.49704.0.s:11
ptr4 (zeropage.o):
    umod.o                    runtime/umod.s:9
    udiv.o                    runtime/udiv.s:10
    strlen.o                  common/strlen.s:12
    shelp.o                   runtime/shelp.s:12
    mul8.o                    runtime/mul8.s:10
pusha (pusha.o):
    sprite.o                  build/sprite.c.45212.0.s:353
    sprite.o                  build/sprite.c.45212.0.s:353
    sprite.o                  build/sprite.c.45212.0.s:353
    sprite.o                  build/sprite.c.45212.0.s:353
    sprite.o                  build/sprite.c.45212.0.s:353
    sprite.o                  build/sprite.c.45212.0.s:353
    screen.o                  build/screen.c.36908.0.s:557
    screen.o                  build/screen.c.36908.0.s:557
    screen.o                  build/screen.c.36908.0.s:557
    screen.o                  build/screen.c.36908.0.s:557
    screen.o                  build/screen.c.36908.0.s:557
    screen.o                  build/screen.c.36908.0.s:557
    intro.o                   build/intro.c.49704.0.s:1974
    intro.o                   build/intro.c.49704.0.s:1974
    intro.o                   build/intro.c.49704.0.s:1974
    intro.o                   build/intro.c.49704.0.s:1974
    intro.o                   build/intro.c.49704.0.s:1974
    intro.o                   build/intro.c.49704.0.s:1974
    intro.o                   build/intro.c.49704.0.s:1974
    intro.o                   build/intro.c.49704.0.s:1974
    intro.o                   build/intro.c.49704.0.s:1974
    intro.o                   build/intro.c.49704.0.s:1974
    intro.o                   build/intro.c.49704.0.s:1974
    main.o                    build/main.c.50124.0.s:64
pusha0 (pushax.o):
    screen.o                  build/screen.c.36908.0.s:557
    screen.o                  build/screen.c.36908.0.s:557
    intro.o                   build/intro.c.49704.0.s:1974
    intro.o                   build/intro.c.49704.0.s:1974
    intro.o                   build/intro.c.49704.0.s:1974
    intro.o                   build/intro.c.49704.0.s:1974
    intro.o                   build/intro.c.49704.0.s:1974
    intro.o                   build/intro.c.49704.0.s:1974
    intro.o                   build/intro.c.49704.0.s:1974
pushax (pushax.o):
    callmain.o                runtime/callmain.s:11
    pushw.o                   runtime/pushw.s:8
    sprite.o                  build/sprite.c.45212.0.s:353
    screen.o                  build/screen.c.36908.0.s:557
    intro.o                   build/intro.c.49704.0.s:1974
    intro.o                   build/intro.c.49704.0.s:1974
    intro.o                   build/intro.c.49704.0.s:1974
    intro.o                   build/intro.c.49704.0.s:1974
    intro.o                   build/intro.c.49704.0.s:1974
    intro.o                   build/intro.c.49704.0.s:1974
    intro.o                   build/intro.c.49704.0.s:1974
    intro.o                   build/intro.c.49704.0.s:1974
    intro.o                   build/intro.c.49704.0.s:1974
    intro.o                   build/intro.c.49704.0.s:1974
    main.o                    build/main.c.50124.0.s:64
pushw (pushw.o):
    intro.o                   build/intro.c.49704.0.s:1974
    intro.o                   build/intro.c.49704.0.s:1974
pushwysp (pushwsp.o):
    screen.o                  build/screen.c.36908.0.s:557
    intro.o                   build/intro.c.49704.0.s:1974
shrax2 (shrax2.o):
    sprite.o                  build/sprite.c.45212.0.s:353
shrax4 (shrax4.o):
    sprite.o                  build/sprite.c.45212.0.s:353
sreg (zeropage.o):
    umod.o                    runtime/umod.s:9
    udiv.o                    runtime/udiv.s:10
    mod.o                     runtime/mod.s:12
    sprite.o                  build/sprite.c.45212.0.s:10
    screen.o                  build/screen.c.36908.0.s:10
    intro.o                   build/intro.c.49704.0.s:10
tmp1 (zeropage.o):
    shrax4.o                  runtime/shrax4.s:8
    shrax2.o                  runtime/shrax2.s:8
    shl.o                     runtime/shl.s:16
    shelp.o                   runtime/shelp.s:12
    mod.o                     runtime/mod.s:12
    incaxy.o                  runtime/incaxy.s:8
    div.o                     runtime/div.s:12
    aslax1.o                  runtime/aslax1.s:8
    add.o                     runtime/add.s:12
    intro.o                   build/intro.c.49704.0.s:11
tmp2 (zeropage.o):
    shelp.o                   runtime/shelp.s:12
    div.o                     runtime/div.s:12
tosaddax (add.o):
    intro.o                   build/intro.c.49704.0.s:1974
tosdiva0 (div.o):
    screen.o                  build/screen.c.36908.0.s:557
    intro.o                   build/intro.c.49704.0.s:1974
    intro.o                   build/intro.c.49704.0.s:1974
tosmoda0 (mod.o):
    intro.o                   build/intro.c.49704.0.s:1974
    intro.o                   build/intro.c.49704.0.s:1974
tosmula0 (mul8.o):
    intro.o                   build/intro.c.49704.0.s:1974
tossubax (sub.o):
    intro.o                   build/intro.c.49704.0.s:1974
    intro.o                   build/intro.c.49704.0.s:1974
tosudiva0 (udiv.o):
    intro.o                   build/intro.c.49704.0.s:1974
    intro.o                   build/intro.c.49704.0.s:1974
    intro.o                   build/intro.c.49704.0.s:1974
tosumoda0 (umod.o):
    intro.o                   build/intro.c.49704.0.s:1974
    intro.o                   build/intro.c.49704.0.s:1974
    intro.o                   build/intro.c.49704.0.s:1974
tosumula0 (mul8.o):
    screen.o                  build/screen.c.36908.0.s:557
    screen.o                  build/screen.c.36908.0.s:557
    intro.o                   build/intro.c.49704.0.s:1974
    intro.o                   build/intro.c.49704.0.s:1974
udiv16 (udiv.o):
    umod.o                    runtime/umod.s:8
    shelp.o                   runtime/shelp.s:11
zerobss (zerobss.o):
    crt0.o                    c64/crt0.s:9

