Modules list:
-------------
main.o:
    CODE              Offs=000000  Size=000057  Align=00001  Fill=0000
    RODATA            Offs=000000  Size=000037  Align=00001  Fill=0000
screen.o:
    CODE              Offs=000057  Size=00035D  Align=00001  Fill=0000
    BSS               Offs=000000  Size=00000B  Align=00001  Fill=0000
C:\bin\cc65\lib/c64.lib(_cursor.o):
    BSS               Offs=00000B  Size=000001  Align=00001  Fill=0000
C:\bin\cc65\lib/c64.lib(addysp.o):
    CODE              Offs=0003B4  Size=00000E  Align=00001  Fill=0000
C:\bin\cc65\lib/c64.lib(bordercolor.o):
    CODE              Offs=0003C2  Size=000008  Align=00001  Fill=0000
C:\bin\cc65\lib/c64.lib(callmain.o):
    CODE              Offs=0003CA  Size=000017  Align=00001  Fill=0000
    DATA              Offs=000000  Size=000004  Align=00001  Fill=0000
C:\bin\cc65\lib/c64.lib(cgetc.o):
    CODE              Offs=0003E1  Size=000047  Align=00001  Fill=0000
C:\bin\cc65\lib/c64.lib(clrscr.o):
C:\bin\cc65\lib/c64.lib(color.o):
    CODE              Offs=000428  Size=000010  Align=00001  Fill=0000
C:\bin\cc65\lib/c64.lib(condes.o):
    CODE              Offs=000438  Size=00000C  Align=00001  Fill=0000
    DATA              Offs=000004  Size=000025  Align=00001  Fill=0000
    ONCE              Offs=000000  Size=00000C  Align=00001  Fill=0000
C:\bin\cc65\lib/c64.lib(crt0.o):
    STARTUP           Offs=000000  Size=000033  Align=00001  Fill=0000
    ONCE              Offs=00000C  Size=00001A  Align=00001  Fill=0000
    INIT              Offs=000000  Size=00001C  Align=00001  Fill=0000
C:\bin\cc65\lib/c64.lib(div.o):
    CODE              Offs=000444  Size=000015  Align=00001  Fill=0000
C:\bin\cc65\lib/c64.lib(exehdr.o):
    EXEHDR            Offs=000000  Size=00000C  Align=00001  Fill=0000
C:\bin\cc65\lib/c64.lib(incsp2.o):
    CODE              Offs=000459  Size=000016  Align=00001  Fill=0000
C:\bin\cc65\lib/c64.lib(incsp4.o):
    CODE              Offs=00046F  Size=000005  Align=00001  Fill=0000
C:\bin\cc65\lib/c64.lib(incsp5.o):
    CODE              Offs=000474  Size=000005  Align=00001  Fill=0000
C:\bin\cc65\lib/c64.lib(kbhit.o):
    CODE              Offs=000479  Size=000009  Align=00001  Fill=0000
C:\bin\cc65\lib/c64.lib(kernal.o):
C:\bin\cc65\lib/c64.lib(ldaxsp.o):
    CODE              Offs=000482  Size=000009  Align=00001  Fill=0000
C:\bin\cc65\lib/c64.lib(loadaddr.o):
    LOADADDR          Offs=000000  Size=000002  Align=00001  Fill=0000
C:\bin\cc65\lib/c64.lib(mul8.o):
    CODE              Offs=00048B  Size=00003A  Align=00001  Fill=0000
C:\bin\cc65\lib/c64.lib(negabs.o):
    CODE              Offs=0004C5  Size=000012  Align=00001  Fill=0000
C:\bin\cc65\lib/c64.lib(popptr1.o):
    CODE              Offs=0004D7  Size=00000E  Align=00001  Fill=0000
C:\bin\cc65\lib/c64.lib(pusha.o):
    CODE              Offs=0004E5  Size=000016  Align=00001  Fill=0000
C:\bin\cc65\lib/c64.lib(pushax.o):
    CODE              Offs=0004FB  Size=00001A  Align=00001  Fill=0000
C:\bin\cc65\lib/c64.lib(pushwsp.o):
    CODE              Offs=000515  Size=00001C  Align=00001  Fill=0000
C:\bin\cc65\lib/c64.lib(shelp.o):
    CODE              Offs=000531  Size=000020  Align=00001  Fill=0000
C:\bin\cc65\lib/c64.lib(strlen.o):
    CODE              Offs=000551  Size=000016  Align=00001  Fill=0000
C:\bin\cc65\lib/c64.lib(udiv.o):
    CODE              Offs=000567  Size=00004F  Align=00001  Fill=0000
C:\bin\cc65\lib/c64.lib(zerobss.o):
    CODE              Offs=0005B6  Size=000023  Align=00001  Fill=0000
C:\bin\cc65\lib/c64.lib(zeropage.o):
    ZEROPAGE          Offs=000000  Size=00001A  Align=00001  Fill=0000


Segment list:
-------------
Name                   Start     End    Size  Align
----------------------------------------------------
ZEROPAGE              000002  00001B  00001A  00001
LOADADDR              0007FF  000800  000002  00001
EXEHDR                000801  00080C  00000C  00001
STARTUP               00080D  00083F  000033  00001
CODE                  000840  000E18  0005D9  00001
RODATA                000E19  000E4F  000037  00001
DATA                  000E50  000E78  000029  00001
INIT                  000E79  000E94  00001C  00001
BSS                   000E95  000EA0  00000C  00001
ONCE                  000E95  000EBA  000026  00001


Exports list by name:
---------------------
BSOUT                     00FFD2 RLA    __BSS_RUN__               000E95 RLA    
__BSS_SIZE__              00000C REA    __CONSTRUCTOR_COUNT__     000000 REA    
__CONSTRUCTOR_TABLE__     000EBB RLA    __DESTRUCTOR_COUNT__      000000 REA    
__DESTRUCTOR_TABLE__      000E50 RLA    __EXEHDR__                000001 REA    
__HEADER_LAST__           00080D RLA    __HIMEM__                 00D000 REA    
__LOADADDR__              000001 REA    __MAIN_SIZE__             00C7F3 REA    
__MAIN_START__            00080D RLA    __ONCE_RUN__              000E95 RLA    
__STACKSIZE__             000800 REA    __STARTUP__               000001 REA    
_bgcolor                  000C70 RLA    _bordercolor              000C02 RLA    
_cgetc                    000C21 RLA    _clrscr                   00E544 REA    
_kbhit                    000CB9 RLA    _main                     000840 RLA    
_screen_clear             0008A9 RLA    _screen_init              000897 RLA    
_screen_print_centered    0009EC RLA    _strlen                   000D91 RLA    
_textcolor                000C68 RLA    addysp                    000BF5 RLA    
c_sp                      000002 RLZ    callmain                  000C0A RLA    
cursor                    000EA0 RLA    donelib                   000C78 RLA    
incsp2                    000CA1 RLA    incsp4                    000CAF RLA    
incsp5                    000CB4 RLA    initlib                   000E95 RLA    
ldaxysp                   000CC4 RLA    negax                     000D09 RLA    
popax                     000C99 RLA    popptr1                   000D17 RLA    
popsargsudiv16            000D71 RLA    ptr1                      00000A RLZ    
ptr4                      000010 RLZ    pusha                     000D29 RLA    
pusha0                    000D3D RLA    pushax                    000D3F RLA    
pushwysp                  000D57 RLA    sreg                      000004 RLZ    
tmp1                      000012 RLZ    tmp2                      000013 RLZ    
tosdiva0                  000C84 RLA    tosumula0                 000CCB RLA    
udiv16                    000DB8 RLA    zerobss                   000DF6 RLA    



Exports list by value:
----------------------
__DESTRUCTOR_COUNT__      000000 REA    __CONSTRUCTOR_COUNT__     000000 REA    
__STARTUP__               000001 REA    __EXEHDR__                000001 REA    
__LOADADDR__              000001 REA    c_sp                      000002 RLZ    
sreg                      000004 RLZ    ptr1                      00000A RLZ    
__BSS_SIZE__              00000C REA    ptr4                      000010 RLZ    
tmp1                      000012 RLZ    tmp2                      000013 RLZ    
__STACKSIZE__             000800 REA    __MAIN_START__            00080D RLA    
__HEADER_LAST__           00080D RLA    _main                     000840 RLA    
_screen_init              000897 RLA    _screen_clear             0008A9 RLA    
_screen_print_centered    0009EC RLA    addysp                    000BF5 RLA    
_bordercolor              000C02 RLA    callmain                  000C0A RLA    
_cgetc                    000C21 RLA    _textcolor                000C68 RLA    
_bgcolor                  000C70 RLA    donelib                   000C78 RLA    
tosdiva0                  000C84 RLA    popax                     000C99 RLA    
incsp2                    000CA1 RLA    incsp4                    000CAF RLA    
incsp5                    000CB4 RLA    _kbhit                    000CB9 RLA    
ldaxysp                   000CC4 RLA    tosumula0                 000CCB RLA    
negax                     000D09 RLA    popptr1                   000D17 RLA    
pusha                     000D29 RLA    pusha0                    000D3D RLA    
pushax                    000D3F RLA    pushwysp                  000D57 RLA    
popsargsudiv16            000D71 RLA    _strlen                   000D91 RLA    
udiv16                    000DB8 RLA    zerobss                   000DF6 RLA    
__DESTRUCTOR_TABLE__      000E50 RLA    initlib                   000E95 RLA    
__BSS_RUN__               000E95 RLA    __ONCE_RUN__              000E95 RLA    
cursor                    000EA0 RLA    __CONSTRUCTOR_TABLE__     000EBB RLA    
__MAIN_SIZE__             00C7F3 REA    __HIMEM__                 00D000 REA    
_clrscr                   00E544 REA    BSOUT                     00FFD2 RLA    



Imports list:
-------------
BSOUT (kernal.o):
    crt0.o                    c64/crt0.s:10
__BSS_RUN__ ([linker generated]):
    zerobss.o                 common/zerobss.s:8
__BSS_SIZE__ ([linker generated]):
    zerobss.o                 common/zerobss.s:8
__CONSTRUCTOR_COUNT__ ([linker generated]):
    condes.o                  runtime/condes.s:18
__CONSTRUCTOR_TABLE__ ([linker generated]):
    condes.o                  runtime/condes.s:18
__DESTRUCTOR_COUNT__ ([linker generated]):
    condes.o                  runtime/condes.s:19
__DESTRUCTOR_TABLE__ ([linker generated]):
    condes.o                  runtime/condes.s:19
__EXEHDR__ (exehdr.o):
    [linker generated]        C:\bin\cc65\cfg/c64.cfg:6
__HEADER_LAST__ ([linker generated]):
    [linker generated]        C:\bin\cc65\cfg/c64.cfg:14
    [linker generated]        C:\bin\cc65\cfg/c64.cfg:14
__HIMEM__ ([linker generated]):
    [linker generated]        C:\bin\cc65\cfg/c64.cfg:15
    [linker generated]        C:\bin\cc65\cfg/c64.cfg:14
__LOADADDR__ (loadaddr.o):
    [linker generated]        C:\bin\cc65\cfg/c64.cfg:5
__MAIN_SIZE__ ([linker generated]):
    crt0.o                    c64/crt0.s:11
__MAIN_START__ ([linker generated]):
    crt0.o                    c64/crt0.s:11
__ONCE_RUN__ ([linker generated]):
    [linker generated]        C:\bin\cc65\cfg/c64.cfg:15
    [linker generated]        C:\bin\cc65\cfg/c64.cfg:15
__STACKSIZE__ ([linker generated]):
    [linker generated]        C:\bin\cc65\cfg/c64.cfg:15
__STARTUP__ (crt0.o):
    main.o                    build/main.c.33972.0.s:13
_bgcolor (color.o):
    screen.o                  build/screen.c.6348.0.s:15
_bordercolor (bordercolor.o):
    screen.o                  build/screen.c.6348.0.s:16
_cgetc (cgetc.o):
    main.o                    build/main.c.33972.0.s:15
_clrscr (clrscr.o):
    screen.o                  build/screen.c.6348.0.s:13
_kbhit (kbhit.o):
    main.o                    build/main.c.33972.0.s:14
_main (main.o):
    callmain.o                runtime/callmain.s:11
_screen_clear (screen.o):
    main.o                    build/main.c.33972.0.s:17
_screen_init (screen.o):
    main.o                    build/main.c.33972.0.s:16
_screen_print_centered (screen.o):
    main.o                    build/main.c.33972.0.s:18
_strlen (strlen.o):
    screen.o                  build/screen.c.6348.0.s:25
_textcolor (color.o):
    screen.o                  build/screen.c.6348.0.s:14
addysp (addysp.o):
    incsp5.o                  runtime/incsp5.s:8
    incsp4.o                  runtime/incsp4.s:8
c_sp (zeropage.o):
    incsp2.o                  runtime/incsp2.s:8
    addysp.o                  runtime/addysp.s:8
    pushwsp.o                 runtime/pushwsp.s:8
    pushax.o                  runtime/pushax.s:8
    pusha.o                   runtime/pusha.s:8
    popptr1.o                 runtime/popptr1.s:9
    ldaxsp.o                  runtime/ldaxsp.s:8
    crt0.o                    /home/runner/work/cc65/cc65/asminc/zeropage.inc:11
    screen.o                  build/screen.c.6348.0.s:10
callmain (callmain.o):
    crt0.o                    c64/crt0.s:9
cursor (_cursor.o):
    cgetc.o                   c64/cgetc.s:8
donelib (condes.o):
    crt0.o                    c64/crt0.s:8
incsp2 (incsp2.o):
    popptr1.o                 runtime/popptr1.s:8
incsp4 (incsp4.o):
    screen.o                  build/screen.c.6348.0.s:557
    screen.o                  build/screen.c.6348.0.s:557
incsp5 (incsp5.o):
    screen.o                  build/screen.c.6348.0.s:557
    screen.o                  build/screen.c.6348.0.s:557
    screen.o                  build/screen.c.6348.0.s:557
    screen.o                  build/screen.c.6348.0.s:557
initlib (condes.o):
    crt0.o                    c64/crt0.s:8
ldaxysp (ldaxsp.o):
    screen.o                  build/screen.c.6348.0.s:557
    screen.o                  build/screen.c.6348.0.s:557
negax (negabs.o):
    shelp.o                   runtime/shelp.s:11
    div.o                     runtime/div.s:11
popax (incsp2.o):
    shelp.o                   runtime/shelp.s:11
popptr1 (popptr1.o):
    udiv.o                    runtime/udiv.s:9
    mul8.o                    runtime/mul8.s:9
popsargsudiv16 (shelp.o):
    div.o                     runtime/div.s:11
ptr1 (zeropage.o):
    zerobss.o                 common/zerobss.s:9
    udiv.o                    runtime/udiv.s:10
    shelp.o                   runtime/shelp.s:12
    popptr1.o                 runtime/popptr1.s:9
    mul8.o                    runtime/mul8.s:10
    div.o                     runtime/div.s:12
    screen.o                  build/screen.c.6348.0.s:11
ptr4 (zeropage.o):
    udiv.o                    runtime/udiv.s:10
    strlen.o                  common/strlen.s:12
    shelp.o                   runtime/shelp.s:12
    mul8.o                    runtime/mul8.s:10
pusha (pusha.o):
    screen.o                  build/screen.c.6348.0.s:557
    screen.o                  build/screen.c.6348.0.s:557
    screen.o                  build/screen.c.6348.0.s:557
    screen.o                  build/screen.c.6348.0.s:557
    screen.o                  build/screen.c.6348.0.s:557
    screen.o                  build/screen.c.6348.0.s:557
    main.o                    build/main.c.33972.0.s:82
pusha0 (pushax.o):
    screen.o                  build/screen.c.6348.0.s:557
    screen.o                  build/screen.c.6348.0.s:557
pushax (pushax.o):
    callmain.o                runtime/callmain.s:11
    screen.o                  build/screen.c.6348.0.s:557
    main.o                    build/main.c.33972.0.s:82
pushwysp (pushwsp.o):
    screen.o                  build/screen.c.6348.0.s:557
sreg (zeropage.o):
    udiv.o                    runtime/udiv.s:10
    screen.o                  build/screen.c.6348.0.s:10
tmp1 (zeropage.o):
    shelp.o                   runtime/shelp.s:12
    div.o                     runtime/div.s:12
tmp2 (zeropage.o):
    shelp.o                   runtime/shelp.s:12
    div.o                     runtime/div.s:12
tosdiva0 (div.o):
    screen.o                  build/screen.c.6348.0.s:557
tosumula0 (mul8.o):
    screen.o                  build/screen.c.6348.0.s:557
    screen.o                  build/screen.c.6348.0.s:557
udiv16 (udiv.o):
    shelp.o                   runtime/shelp.s:11
zerobss (zerobss.o):
    crt0.o                    c64/crt0.s:9

