Modules list:
-------------
actions.o:
    CODE              Offs=000000  Size=000D1B  Align=00001  Fill=0000
    RODATA            Offs=000000  Size=00030A  Align=00001  Fill=0000
    BSS               Offs=000000  Size=000079  Align=00001  Fill=0000
forum.o:
    CODE              Offs=000D1B  Size=0006E9  Align=00001  Fill=0000
    RODATA            Offs=00030A  Size=00004B  Align=00001  Fill=0000
    BSS               Offs=000079  Size=00006D  Align=00001  Fill=0000
ftp.o:
    CODE              Offs=001404  Size=000BF1  Align=00001  Fill=0000
    RODATA            Offs=000355  Size=00010D  Align=00001  Fill=0000
    BSS               Offs=0000E6  Size=000162  Align=00001  Fill=0000
    DATA              Offs=000000  Size=000010  Align=00001  Fill=0000
gamestate.o:
    CODE              Offs=001FF5  Size=0002C0  Align=00001  Fill=0000
    BSS               Offs=000248  Size=000023  Align=00001  Fill=0000
input.o:
    CODE              Offs=0022B5  Size=0000AB  Align=00001  Fill=0000
    BSS               Offs=00026B  Size=000003  Align=00001  Fill=0000
main.o:
    CODE              Offs=002360  Size=000441  Align=00001  Fill=0000
    BSS               Offs=00026E  Size=000006  Align=00001  Fill=0000
random.o:
    CODE              Offs=0027A1  Size=0000EE  Align=00001  Fill=0000
    BSS               Offs=000274  Size=000003  Align=00001  Fill=0000
    DATA              Offs=000010  Size=000002  Align=00001  Fill=0000
rank.o:
    CODE              Offs=00288F  Size=0000C1  Align=00001  Fill=0000
    RODATA            Offs=000462  Size=00004D  Align=00001  Fill=0000
    BSS               Offs=000277  Size=000003  Align=00001  Fill=0000
release.o:
    CODE              Offs=002950  Size=000838  Align=00001  Fill=0000
    RODATA            Offs=0004AF  Size=000047  Align=00001  Fill=0000
    BSS               Offs=00027A  Size=000362  Align=00001  Fill=0000
screen.o:
    CODE              Offs=003188  Size=00015D  Align=00001  Fill=0000
    BSS               Offs=0005DC  Size=000008  Align=00001  Fill=0000
topsite.o:
    CODE              Offs=0032E5  Size=000064  Align=00001  Fill=0000
    RODATA            Offs=0004F6  Size=00003D  Align=00001  Fill=0000
    BSS               Offs=0005E4  Size=000001  Align=00001  Fill=0000
ui_core.o:
    CODE              Offs=003349  Size=0006E0  Align=00001  Fill=0000
    RODATA            Offs=000533  Size=000038  Align=00001  Fill=0000
    BSS               Offs=0005E5  Size=000015  Align=00001  Fill=0000
ui_events.o:
    CODE              Offs=003A29  Size=000549  Align=00001  Fill=0000
    RODATA            Offs=00056B  Size=00043C  Align=00001  Fill=0000
    BSS               Offs=0005FA  Size=00003A  Align=00001  Fill=0000
ui_forums.o:
    CODE              Offs=003F72  Size=0003AD  Align=00001  Fill=0000
    RODATA            Offs=0009A7  Size=0000B1  Align=00001  Fill=0000
    BSS               Offs=000634  Size=00000D  Align=00001  Fill=0000
ui_ftps.o:
    CODE              Offs=00431F  Size=000D52  Align=00001  Fill=0000
    RODATA            Offs=000A58  Size=000193  Align=00001  Fill=0000
    BSS               Offs=000641  Size=000039  Align=00001  Fill=0000
ui_hub.o:
    CODE              Offs=005071  Size=00050B  Align=00001  Fill=0000
    RODATA            Offs=000BEB  Size=000266  Align=00001  Fill=0000
    BSS               Offs=00067A  Size=000007  Align=00001  Fill=0000
ui_releases.o:
    CODE              Offs=00557C  Size=000F6B  Align=00001  Fill=0000
    RODATA            Offs=000E51  Size=000227  Align=00001  Fill=0000
    BSS               Offs=000681  Size=00007E  Align=00001  Fill=0000
ui_shops.o:
    CODE              Offs=0064E7  Size=0004AD  Align=00001  Fill=0000
    RODATA            Offs=001078  Size=00019E  Align=00001  Fill=0000
    BSS               Offs=0006FF  Size=000007  Align=00001  Fill=0000
C:\bin\cc65\lib/c64.lib(_cursor.o):
    BSS               Offs=000706  Size=000001  Align=00001  Fill=0000
C:\bin\cc65\lib/c64.lib(_directerrno.o):
    CODE              Offs=006994  Size=00000A  Align=00001  Fill=0000
C:\bin\cc65\lib/c64.lib(_hextab.o):
    RODATA            Offs=001216  Size=000010  Align=00001  Fill=0000
C:\bin\cc65\lib/c64.lib(_longminstr.o):
    RODATA            Offs=001226  Size=00000C  Align=00001  Fill=0000
C:\bin\cc65\lib/c64.lib(_oserror.o):
    BSS               Offs=000707  Size=000001  Align=00001  Fill=0000
C:\bin\cc65\lib/c64.lib(_printf.o):
    CODE              Offs=00699E  Size=0003A2  Align=00001  Fill=0000
    BSS               Offs=000708  Size=00002B  Align=00001  Fill=0000
    DATA              Offs=000012  Size=000003  Align=00001  Fill=0000
C:\bin\cc65\lib/c64.lib(_seterrno.o):
    CODE              Offs=006D40  Size=000009  Align=00001  Fill=0000
C:\bin\cc65\lib/c64.lib(add.o):
    CODE              Offs=006D49  Size=00001C  Align=00001  Fill=0000
C:\bin\cc65\lib/c64.lib(addysp.o):
    CODE              Offs=006D65  Size=00000E  Align=00001  Fill=0000
C:\bin\cc65\lib/c64.lib(aslax1.o):
    CODE              Offs=006D73  Size=000008  Align=00001  Fill=0000
C:\bin\cc65\lib/c64.lib(aslax2.o):
    CODE              Offs=006D7B  Size=00000B  Align=00001  Fill=0000
C:\bin\cc65\lib/c64.lib(axlong.o):
    CODE              Offs=006D86  Size=00000D  Align=00001  Fill=0000
C:\bin\cc65\lib/c64.lib(bneg.o):
    CODE              Offs=006D93  Size=00000E  Align=00001  Fill=0000
C:\bin\cc65\lib/c64.lib(bordercolor.o):
    CODE              Offs=006DA1  Size=000008  Align=00001  Fill=0000
C:\bin\cc65\lib/c64.lib(callmain.o):
    CODE              Offs=006DA9  Size=000017  Align=00001  Fill=0000
    DATA              Offs=000015  Size=000004  Align=00001  Fill=0000
C:\bin\cc65\lib/c64.lib(cgetc.o):
    CODE              Offs=006DC0  Size=000047  Align=00001  Fill=0000
C:\bin\cc65\lib/c64.lib(clrscr.o):
C:\bin\cc65\lib/c64.lib(color.o):
    CODE              Offs=006E07  Size=000010  Align=00001  Fill=0000
C:\bin\cc65\lib/c64.lib(condes.o):
    CODE              Offs=006E17  Size=00000C  Align=00001  Fill=0000
    DATA              Offs=000019  Size=000025  Align=00001  Fill=0000
    ONCE              Offs=000000  Size=00000C  Align=00001  Fill=0000
C:\bin\cc65\lib/c64.lib(crt0.o):
    STARTUP           Offs=000000  Size=000033  Align=00001  Fill=0000
    ONCE              Offs=00000C  Size=00001A  Align=00001  Fill=0000
    INIT              Offs=000000  Size=00001C  Align=00001  Fill=0000
C:\bin\cc65\lib/c64.lib(ctype.o):
    RODATA            Offs=001232  Size=00008B  Align=00001  Fill=0000
C:\bin\cc65\lib/c64.lib(ctypemask.o):
    CODE              Offs=006E23  Size=00001E  Align=00001  Fill=0000
C:\bin\cc65\lib/c64.lib(decax1.o):
    CODE              Offs=006E41  Size=000007  Align=00001  Fill=0000
C:\bin\cc65\lib/c64.lib(decaxy.o):
    CODE              Offs=006E48  Size=000009  Align=00001  Fill=0000
C:\bin\cc65\lib/c64.lib(decsp4.o):
    CODE              Offs=006E51  Size=00000D  Align=00001  Fill=0000
C:\bin\cc65\lib/c64.lib(decsp6.o):
    CODE              Offs=006E5E  Size=00000D  Align=00001  Fill=0000
C:\bin\cc65\lib/c64.lib(div.o):
    CODE              Offs=006E6B  Size=000015  Align=00001  Fill=0000
C:\bin\cc65\lib/c64.lib(errno.o):
    BSS               Offs=000733  Size=000002  Align=00001  Fill=0000
C:\bin\cc65\lib/c64.lib(exehdr.o):
    EXEHDR            Offs=000000  Size=00000C  Align=00001  Fill=0000
C:\bin\cc65\lib/c64.lib(icmp.o):
    CODE              Offs=006E80  Size=00002E  Align=00001  Fill=0000
C:\bin\cc65\lib/c64.lib(incax1.o):
    CODE              Offs=006EAE  Size=000007  Align=00001  Fill=0000
C:\bin\cc65\lib/c64.lib(incaxy.o):
    CODE              Offs=006EB5  Size=00000B  Align=00001  Fill=0000
C:\bin\cc65\lib/c64.lib(incsp1.o):
    CODE              Offs=006EC0  Size=000007  Align=00001  Fill=0000
C:\bin\cc65\lib/c64.lib(incsp2.o):
    CODE              Offs=006EC7  Size=000016  Align=00001  Fill=0000
C:\bin\cc65\lib/c64.lib(incsp3.o):
    CODE              Offs=006EDD  Size=000005  Align=00001  Fill=0000
C:\bin\cc65\lib/c64.lib(incsp4.o):
    CODE              Offs=006EE2  Size=000005  Align=00001  Fill=0000
C:\bin\cc65\lib/c64.lib(incsp5.o):
    CODE              Offs=006EE7  Size=000005  Align=00001  Fill=0000
C:\bin\cc65\lib/c64.lib(incsp6.o):
    CODE              Offs=006EEC  Size=000005  Align=00001  Fill=0000
C:\bin\cc65\lib/c64.lib(kbhit.o):
    CODE              Offs=006EF1  Size=000009  Align=00001  Fill=0000
C:\bin\cc65\lib/c64.lib(kernal.o):
C:\bin\cc65\lib/c64.lib(ldaxi.o):
    CODE              Offs=006EFA  Size=00000D  Align=00001  Fill=0000
C:\bin\cc65\lib/c64.lib(ldaxsp.o):
    CODE              Offs=006F07  Size=000009  Align=00001  Fill=0000
C:\bin\cc65\lib/c64.lib(ldptr1sp.o):
    CODE              Offs=006F10  Size=00000C  Align=00001  Fill=0000
C:\bin\cc65\lib/c64.lib(lmul.o):
    CODE              Offs=006F1C  Size=00005C  Align=00001  Fill=0000
C:\bin\cc65\lib/c64.lib(lneg.o):
    CODE              Offs=006F78  Size=00001E  Align=00001  Fill=0000
C:\bin\cc65\lib/c64.lib(loadaddr.o):
    LOADADDR          Offs=000000  Size=000002  Align=00001  Fill=0000
C:\bin\cc65\lib/c64.lib(lpush.o):
    CODE              Offs=006F96  Size=000021  Align=00001  Fill=0000
C:\bin\cc65\lib/c64.lib(ltoa.o):
    CODE              Offs=006FB7  Size=000095  Align=00001  Fill=0000
C:\bin\cc65\lib/c64.lib(ludiv.o):
    CODE              Offs=00704C  Size=00007A  Align=00001  Fill=0000
C:\bin\cc65\lib/c64.lib(makebool.o):
    CODE              Offs=0070C6  Size=00002C  Align=00001  Fill=0000
C:\bin\cc65\lib/c64.lib(memcpy.o):
    CODE              Offs=0070F2  Size=00003C  Align=00001  Fill=0000
C:\bin\cc65\lib/c64.lib(mod.o):
    CODE              Offs=00712E  Size=000011  Align=00001  Fill=0000
C:\bin\cc65\lib/c64.lib(mul.o):
    CODE              Offs=00713F  Size=000045  Align=00001  Fill=0000
C:\bin\cc65\lib/c64.lib(mul8.o):
    CODE              Offs=007184  Size=00003A  Align=00001  Fill=0000
C:\bin\cc65\lib/c64.lib(mulax10.o):
    CODE              Offs=0071BE  Size=000019  Align=00001  Fill=0000
C:\bin\cc65\lib/c64.lib(mulax3.o):
    CODE              Offs=0071D7  Size=000011  Align=00001  Fill=0000
C:\bin\cc65\lib/c64.lib(mulax5.o):
    CODE              Offs=0071E8  Size=000014  Align=00001  Fill=0000
C:\bin\cc65\lib/c64.lib(mulax6.o):
    CODE              Offs=0071FC  Size=000016  Align=00001  Fill=0000
C:\bin\cc65\lib/c64.lib(mulax9.o):
    CODE              Offs=007212  Size=000017  Align=00001  Fill=0000
C:\bin\cc65\lib/c64.lib(negabs.o):
    CODE              Offs=007229  Size=000012  Align=00001  Fill=0000
C:\bin\cc65\lib/c64.lib(popptr1.o):
    CODE              Offs=00723B  Size=00000E  Align=00001  Fill=0000
C:\bin\cc65\lib/c64.lib(push1.o):
    CODE              Offs=007249  Size=000005  Align=00001  Fill=0000
C:\bin\cc65\lib/c64.lib(pusha.o):
    CODE              Offs=00724E  Size=000016  Align=00001  Fill=0000
C:\bin\cc65\lib/c64.lib(pushax.o):
    CODE              Offs=007264  Size=00001A  Align=00001  Fill=0000
C:\bin\cc65\lib/c64.lib(pushw.o):
    CODE              Offs=00727E  Size=00000F  Align=00001  Fill=0000
C:\bin\cc65\lib/c64.lib(pushwsp.o):
    CODE              Offs=00728D  Size=00001C  Align=00001  Fill=0000
C:\bin\cc65\lib/c64.lib(shelp.o):
    CODE              Offs=0072A9  Size=000020  Align=00001  Fill=0000
C:\bin\cc65\lib/c64.lib(shl.o):
    CODE              Offs=0072C9  Size=000033  Align=00001  Fill=0000
C:\bin\cc65\lib/c64.lib(sprintf.o):
    CODE              Offs=0072FC  Size=00002B  Align=00001  Fill=0000
    BSS               Offs=000735  Size=000001  Align=00001  Fill=0000
C:\bin\cc65\lib/c64.lib(staspidx.o):
    CODE              Offs=007327  Size=000016  Align=00001  Fill=0000
C:\bin\cc65\lib/c64.lib(staxsp.o):
    CODE              Offs=00733D  Size=00000B  Align=00001  Fill=0000
C:\bin\cc65\lib/c64.lib(staxspi.o):
    CODE              Offs=007348  Size=00001B  Align=00001  Fill=0000
C:\bin\cc65\lib/c64.lib(strlen.o):
    CODE              Offs=007363  Size=000016  Align=00001  Fill=0000
C:\bin\cc65\lib/c64.lib(strlower.o):
    CODE              Offs=007379  Size=000027  Align=00001  Fill=0000
C:\bin\cc65\lib/c64.lib(sub.o):
    CODE              Offs=0073A0  Size=000015  Align=00001  Fill=0000
C:\bin\cc65\lib/c64.lib(udiv.o):
    CODE              Offs=0073B5  Size=00004F  Align=00001  Fill=0000
C:\bin\cc65\lib/c64.lib(uge.o):
    CODE              Offs=007404  Size=00000A  Align=00001  Fill=0000
C:\bin\cc65\lib/c64.lib(umod.o):
    CODE              Offs=00740E  Size=000011  Align=00001  Fill=0000
C:\bin\cc65\lib/c64.lib(vsnprintf.o):
    CODE              Offs=00741F  Size=0000DA  Align=00001  Fill=0000
    DATA              Offs=00003E  Size=000008  Align=00001  Fill=0000
C:\bin\cc65\lib/c64.lib(vsprintf.o):
    CODE              Offs=0074F9  Size=000012  Align=00001  Fill=0000
C:\bin\cc65\lib/c64.lib(waitvsync.o):
    CODE              Offs=00750B  Size=00000B  Align=00001  Fill=0000
C:\bin\cc65\lib/c64.lib(zerobss.o):
    CODE              Offs=007516  Size=000023  Align=00001  Fill=0000
C:\bin\cc65\lib/c64.lib(zeropage.o):
    ZEROPAGE          Offs=000000  Size=00001A  Align=00001  Fill=0000


Segment list:
-------------
Name                   Start     End    Size  Align
----------------------------------------------------
ZEROPAGE              000002  00001B  00001A  00001
LOADADDR              0007FF  000800  000002  00001
EXEHDR                000801  00080C  00000C  00001
STARTUP               00080D  00083F  000033  00001
CODE                  000840  007D78  007539  00001
RODATA                007D79  009035  0012BD  00001
DATA                  009036  00907B  000046  00001
INIT                  00907C  009097  00001C  00001
BSS                   009098  0097CD  000736  00001
ONCE                  009098  0090BD  000026  00001


Exports list by name:
---------------------
BSOUT                     00FFD2 RLA    __BSS_RUN__               009098 RLA    
__BSS_SIZE__              000736 REA    __CONSTRUCTOR_COUNT__     000000 REA    
__CONSTRUCTOR_TABLE__     0090BE RLA    __DESTRUCTOR_COUNT__      000000 REA    
__DESTRUCTOR_TABLE__      009036 RLA    __EXEHDR__                000001 REA    
__HEADER_LAST__           00080D RLA    __HIMEM__                 00D000 REA    
__LOADADDR__              000001 REA    __MAIN_SIZE__             00C7F3 REA    
__MAIN_START__            00080D RLA    __ONCE_RUN__              009098 RLA    
__STACKSIZE__             000800 REA    __STARTUP__               000001 REA    
___directerrno            0071D4 RLA    ___errno                  0097CB RLA    
___oserror                00979F RLA    ___seterrno               007580 RLA    
__ctype                   008FAB RLA    __ctypeidx                008FB6 RLA    
__hextab                  008F8F RLA    __longminstr              008F9F RLA    
__printf                  0072CF RLA    _action_browse_topsite    000A85 RLA    
_action_hardware_shop     000FD0 RLA    _action_move_releases     00129B RLA    
_action_post_to_forum     000E61 RLA    _action_rep_shop          0012F4 RLA    
_action_scan              000937 RLA    _bgcolor                  00764F RLA    
_bordercolor              0075E1 RLA    _cgetc                    007600 RLA    
_clrscr                   00E544 REA    _forum_create_post        0015A3 RLA    
_forum_get_name           001B19 RLA    _forum_get_post           001AF2 RLA    
_forum_has_post           001B3E RLA    _forum_init               00155B RLA    
_forum_unnuke_post        001BD9 RLA    _forum_update_all_posts   001722 RLA    
_ftp_add_release          001EA7 RLA    _ftp_get                  001E21 RLA    
_ftp_get_heat_color       002593 RLA    _ftp_get_heat_text        00251E RLA    
_ftp_get_trait_color      0026BF RLA    _ftp_get_trait_tag        002682 RLA    
_ftp_has_space            001F76 RLA    _ftp_init                 001C44 RLA    
_ftp_move_release         002383 RLA    _ftp_process_raids        00232D RLA    
_ftp_scan                 001CE0 RLA    _ftp_update_all_risks     0021A1 RLA    
_ftps                     00917E RLA    _game_state               0092E0 RLA    
_gamestate_add_reputation 002940 RLA    _gamestate_advance_turn   0028F0 RLA    
_gamestate_apply_temp_equipment 002A4E RLA    _gamestate_calculate_actions 002A03 RLA    
_gamestate_can_afford_rep 002A98 RLA    _gamestate_can_use_action 00296D RLA    
_gamestate_check_rank_up  00290E RLA    _gamestate_has_hardware   002A18 RLA    
_gamestate_has_security_audit 002AEF RLA    _gamestate_has_vip_access 002AE9 RLA    
_gamestate_init           002835 RLA    _gamestate_purchase_hardware 002A28 RLA    
_gamestate_spend_rep      002AB0 RLA    _gamestate_start_game     002891 RLA    
_gamestate_update_bandwidth 002A44 RLA    _gamestate_use_action     002973 RLA    
_groups                   008240 RLA    _handle_playing_state     000840 RLA    
_hardware_tiers           0080CE RLA    _input_check_quit         002B7F RLA    
_input_init               002AF5 RLA    _input_read_menu          002AF6 RLA    
_input_wait_key           002B6A RLA    _kbhit                    007731 RLA    
_ltoa                     00780F RLA    _main                     002E6E RLA    
_memcpy                   007932 RLA    _posts                    009111 RLA    
_random_init              002FE1 RLA    _random_range             00302A RLA    
_rank_apply_bonuses       00313C RLA    _rank_get_name            0030CF RLA    
_rank_get_next            0030F4 RLA    _release_add              00359C RLA    
_release_cleanup_unused   00385D RLA    _release_generate         0031BD RLA    
_release_get              0037E3 RLA    _release_init             003190 RLA    
_screen_clear             0039DA RLA    _screen_init              0039C8 RLA    
_screen_print_number      003A8D RLA    _screen_set_char          003A20 RLA    
_sprintf                  007B3C RLA    _strlen                   007BA3 RLA    
_strlower                 007BB9 RLA    _textcolor                007647 RLA    
_topsite_allows_category  003B25 RLA    _topsites                 00826F RLA    
_ui_animate_matrix        003F05 RLA    _ui_draw_hline            003E07 RLA    
_ui_draw_progress_bar     003E57 RLA    _ui_init                  003B89 RLA    
_ui_print_centered        003DC1 RLA    _ui_print_string          003D1C RLA    
_ui_render_hud            003B8C RLA    _ui_show_event            004544 RLA    
_ui_show_forum_post       0047B2 RLA    _ui_show_ftp_select       0061BF RLA    
_ui_show_ftps             004B5F RLA    _ui_show_fxp_anim         00669C RLA    
_ui_show_game_over        0042FD RLA    _ui_show_hardware_shop    006D27 RLA    
_ui_show_help             005931 RLA    _ui_show_hub              005B99 RLA    
_ui_show_inside_info      007155 RLA    _ui_show_menu             0058EA RLA    
_ui_show_move_releases    004F6D RLA    _ui_show_raid_alert       0043A8 RLA    
_ui_show_rank_up          004269 RLA    _ui_show_release_select   006847 RLA    
_ui_show_rep_shop         006FBB RLA    _ui_show_scan_anim        005DBC RLA    
_ui_show_splash           0058B1 RLA    _ui_show_stats            0048E7 RLA    
_ui_show_topsite          005F7C RLA    _ui_show_topsite_list     005E24 RLA    
_ultoa                    007850 RLA    _vsprintf                 007D39 RLA    
_waitvsync                007D4B RLA    addysp                    0075A6 RLA    
addysp1                   0075A5 RLA    aslax2                    0075BB RLA    
aslaxy                    007B10 RLA    axlong                    0075C6 RLA    
axulong                   0075CC RLA    bnegax                    0075D3 RLA    
boolne                    007906 RLA    booluge                   00792D RLA    
boolult                   007925 RLA    c_sp                      000002 RLZ    
callmain                  0075E9 RLA    ctypemaskdirect           007667 RLA    
cursor                    00979E RLA    decax1                    007681 RLA    
decaxy                    007688 RLA    decsp4                    007691 RLA    
decsp6                    00769E RLA    donelib                   007657 RLA    
incax1                    0076EE RLA    incaxy                    0076F7 RLA    
incsp1                    007700 RLA    incsp2                    00770F RLA    
incsp3                    00771D RLA    incsp4                    007722 RLA    
incsp5                    007727 RLA    incsp6                    00772C RLA    
initlib                   009098 RLA    ldax0sp                   007747 RLA    
ldaxi                     00773A RLA    ldaxidx                   00773C RLA    
ldaxysp                   007749 RLA    ldptr10sp                 007750 RLA    
ldptr1ysp                 007752 RLA    mul8x16                   0079C6 RLA    
mul8x16a                  0079D0 RLA    mulax10                   0079FE RLA    
mulax3                    007A17 RLA    mulax5                    007A28 RLA    
mulax6                    007A3C RLA    mulax9                    007A52 RLA    
negax                     007A6D RLA    negeax                    0077B8 RLA    
popax                     007707 RLA    popptr1                   007A7B RLA    
popsargsudiv16            007AE9 RLA    ptr1                      00000A RLZ    
ptr2                      00000C RLZ    ptr3                      00000E RLZ    
ptr4                      000010 RLZ    push1                     007A89 RLA    
pusha                     007A92 RLA    pusha0                    007AA6 RLA    
pushax                    007AA8 RLA    pusheax                   0077DF RLA    
pushw                     007ABE RLA    pushw0sp                  007ACD RLA    
pushwidx                  007AC0 RLA    pushwysp                  007ACF RLA    
regbank                   000016 RLZ    shlax1                    0075B3 RLA    
sreg                      000004 RLZ    staspidx                  007B67 RLA    
staxspidx                 007B88 RLA    staxysp                   007B7F RLA    
tmp1                      000012 RLZ    tmp2                      000013 RLZ    
tmp3                      000014 RLZ    tmp4                      000015 RLZ    
tosaddax                  00758B RLA    tosdiva0                  0076AB RLA    
tosicmp                   0076C2 RLA    tosicmp0                  0076C0 RLA    
tosmoda0                  00796E RLA    tosmodax                  007970 RLA    
tosmula0                  0079C4 RLA    tosmulax                  00797F RLA    
tossuba0                  007BE0 RLA    tosudiv0ax                00788C RLA    
tosudiva0                 007BF5 RLA    tosudivax                 007BF7 RLA    
tosugeax                  007C48 RLA    tosumoda0                 007C4E RLA    
tosumula0                 0079C4 RLA    tosumuleax                007762 RLA    
udiv16                    007C06 RLA    vsnprintf                 007C62 RLA    
zerobss                   007D56 RLA    


Exports list by value:
----------------------
__DESTRUCTOR_COUNT__      000000 REA    __CONSTRUCTOR_COUNT__     000000 REA    
__LOADADDR__              000001 REA    __STARTUP__               000001 REA    
__EXEHDR__                000001 REA    c_sp                      000002 RLZ    
sreg                      000004 RLZ    ptr1                      00000A RLZ    
ptr2                      00000C RLZ    ptr3                      00000E RLZ    
ptr4                      000010 RLZ    tmp1                      000012 RLZ    
tmp2                      000013 RLZ    tmp3                      000014 RLZ    
tmp4                      000015 RLZ    regbank                   000016 RLZ    
__BSS_SIZE__              000736 REA    __STACKSIZE__             000800 REA    
__HEADER_LAST__           00080D RLA    __MAIN_START__            00080D RLA    
_handle_playing_state     000840 RLA    _action_scan              000937 RLA    
_action_browse_topsite    000A85 RLA    _action_post_to_forum     000E61 RLA    
_action_hardware_shop     000FD0 RLA    _action_move_releases     00129B RLA    
_action_rep_shop          0012F4 RLA    _forum_init               00155B RLA    
_forum_create_post        0015A3 RLA    _forum_update_all_posts   001722 RLA    
_forum_get_post           001AF2 RLA    _forum_get_name           001B19 RLA    
_forum_has_post           001B3E RLA    _forum_unnuke_post        001BD9 RLA    
_ftp_init                 001C44 RLA    _ftp_scan                 001CE0 RLA    
_ftp_get                  001E21 RLA    _ftp_add_release          001EA7 RLA    
_ftp_has_space            001F76 RLA    _ftp_update_all_risks     0021A1 RLA    
_ftp_process_raids        00232D RLA    _ftp_move_release         002383 RLA    
_ftp_get_heat_text        00251E RLA    _ftp_get_heat_color       002593 RLA    
_ftp_get_trait_tag        002682 RLA    _ftp_get_trait_color      0026BF RLA    
_gamestate_init           002835 RLA    _gamestate_start_game     002891 RLA    
_gamestate_advance_turn   0028F0 RLA    _gamestate_check_rank_up  00290E RLA    
_gamestate_add_reputation 002940 RLA    _gamestate_can_use_action 00296D RLA    
_gamestate_use_action     002973 RLA    _gamestate_calculate_actions 002A03 RLA    
_gamestate_has_hardware   002A18 RLA    _gamestate_purchase_hardware 002A28 RLA    
_gamestate_update_bandwidth 002A44 RLA    _gamestate_apply_temp_equipment 002A4E RLA    
_gamestate_can_afford_rep 002A98 RLA    _gamestate_spend_rep      002AB0 RLA    
_gamestate_has_vip_access 002AE9 RLA    _gamestate_has_security_audit 002AEF RLA    
_input_init               002AF5 RLA    _input_read_menu          002AF6 RLA    
_input_wait_key           002B6A RLA    _input_check_quit         002B7F RLA    
_main                     002E6E RLA    _random_init              002FE1 RLA    
_random_range             00302A RLA    _rank_get_name            0030CF RLA    
_rank_get_next            0030F4 RLA    _rank_apply_bonuses       00313C RLA    
_release_init             003190 RLA    _release_generate         0031BD RLA    
_release_add              00359C RLA    _release_get              0037E3 RLA    
_release_cleanup_unused   00385D RLA    _screen_init              0039C8 RLA    
_screen_clear             0039DA RLA    _screen_set_char          003A20 RLA    
_screen_print_number      003A8D RLA    _topsite_allows_category  003B25 RLA    
_ui_init                  003B89 RLA    _ui_render_hud            003B8C RLA    
_ui_print_string          003D1C RLA    _ui_print_centered        003DC1 RLA    
_ui_draw_hline            003E07 RLA    _ui_draw_progress_bar     003E57 RLA    
_ui_animate_matrix        003F05 RLA    _ui_show_rank_up          004269 RLA    
_ui_show_game_over        0042FD RLA    _ui_show_raid_alert       0043A8 RLA    
_ui_show_event            004544 RLA    _ui_show_forum_post       0047B2 RLA    
_ui_show_stats            0048E7 RLA    _ui_show_ftps             004B5F RLA    
_ui_show_move_releases    004F6D RLA    _ui_show_splash           0058B1 RLA    
_ui_show_menu             0058EA RLA    _ui_show_help             005931 RLA    
_ui_show_hub              005B99 RLA    _ui_show_scan_anim        005DBC RLA    
_ui_show_topsite_list     005E24 RLA    _ui_show_topsite          005F7C RLA    
_ui_show_ftp_select       0061BF RLA    _ui_show_fxp_anim         00669C RLA    
_ui_show_release_select   006847 RLA    _ui_show_hardware_shop    006D27 RLA    
_ui_show_rep_shop         006FBB RLA    _ui_show_inside_info      007155 RLA    
___directerrno            0071D4 RLA    __printf                  0072CF RLA    
___seterrno               007580 RLA    tosaddax                  00758B RLA    
addysp1                   0075A5 RLA    addysp                    0075A6 RLA    
shlax1                    0075B3 RLA    aslax2                    0075BB RLA    
axlong                    0075C6 RLA    axulong                   0075CC RLA    
bnegax                    0075D3 RLA    _bordercolor              0075E1 RLA    
callmain                  0075E9 RLA    _cgetc                    007600 RLA    
_textcolor                007647 RLA    _bgcolor                  00764F RLA    
donelib                   007657 RLA    ctypemaskdirect           007667 RLA    
decax1                    007681 RLA    decaxy                    007688 RLA    
decsp4                    007691 RLA    decsp6                    00769E RLA    
tosdiva0                  0076AB RLA    tosicmp0                  0076C0 RLA    
tosicmp                   0076C2 RLA    incax1                    0076EE RLA    
incaxy                    0076F7 RLA    incsp1                    007700 RLA    
popax                     007707 RLA    incsp2                    00770F RLA    
incsp3                    00771D RLA    incsp4                    007722 RLA    
incsp5                    007727 RLA    incsp6                    00772C RLA    
_kbhit                    007731 RLA    ldaxi                     00773A RLA    
ldaxidx                   00773C RLA    ldax0sp                   007747 RLA    
ldaxysp                   007749 RLA    ldptr10sp                 007750 RLA    
ldptr1ysp                 007752 RLA    tosumuleax                007762 RLA    
negeax                    0077B8 RLA    pusheax                   0077DF RLA    
_ltoa                     00780F RLA    _ultoa                    007850 RLA    
tosudiv0ax                00788C RLA    boolne                    007906 RLA    
boolult                   007925 RLA    booluge                   00792D RLA    
_memcpy                   007932 RLA    tosmoda0                  00796E RLA    
tosmodax                  007970 RLA    tosmulax                  00797F RLA    
tosmula0                  0079C4 RLA    tosumula0                 0079C4 RLA    
mul8x16                   0079C6 RLA    mul8x16a                  0079D0 RLA    
mulax10                   0079FE RLA    mulax3                    007A17 RLA    
mulax5                    007A28 RLA    mulax6                    007A3C RLA    
mulax9                    007A52 RLA    negax                     007A6D RLA    
popptr1                   007A7B RLA    push1                     007A89 RLA    
pusha                     007A92 RLA    pusha0                    007AA6 RLA    
pushax                    007AA8 RLA    pushw                     007ABE RLA    
pushwidx                  007AC0 RLA    pushw0sp                  007ACD RLA    
pushwysp                  007ACF RLA    popsargsudiv16            007AE9 RLA    
aslaxy                    007B10 RLA    _sprintf                  007B3C RLA    
staspidx                  007B67 RLA    staxysp                   007B7F RLA    
staxspidx                 007B88 RLA    _strlen                   007BA3 RLA    
_strlower                 007BB9 RLA    tossuba0                  007BE0 RLA    
tosudiva0                 007BF5 RLA    tosudivax                 007BF7 RLA    
udiv16                    007C06 RLA    tosugeax                  007C48 RLA    
tosumoda0                 007C4E RLA    vsnprintf                 007C62 RLA    
_vsprintf                 007D39 RLA    _waitvsync                007D4B RLA    
zerobss                   007D56 RLA    _hardware_tiers           0080CE RLA    
_groups                   008240 RLA    _topsites                 00826F RLA    
__hextab                  008F8F RLA    __longminstr              008F9F RLA    
__ctype                   008FAB RLA    __ctypeidx                008FB6 RLA    
__DESTRUCTOR_TABLE__      009036 RLA    __ONCE_RUN__              009098 RLA    
__BSS_RUN__               009098 RLA    initlib                   009098 RLA    
__CONSTRUCTOR_TABLE__     0090BE RLA    _posts                    009111 RLA    
_ftps                     00917E RLA    _game_state               0092E0 RLA    
cursor                    00979E RLA    ___oserror                00979F RLA    
___errno                  0097CB RLA    __MAIN_SIZE__             00C7F3 REA    
__HIMEM__                 00D000 REA    _clrscr                   00E544 REA    
BSOUT                     00FFD2 RLA    


Imports list:
-------------
BSOUT (kernal.o):
    crt0.o                    c64/crt0.s:10
__BSS_RUN__ ([linker generated]):
    zerobss.o                 common/zerobss.s:8
__BSS_SIZE__ ([linker generated]):
    zerobss.o                 common/zerobss.s:8
__CONSTRUCTOR_COUNT__ ([linker generated]):
    condes.o                  runtime/condes.s:18
__CONSTRUCTOR_TABLE__ ([linker generated]):
    condes.o                  runtime/condes.s:18
__DESTRUCTOR_COUNT__ ([linker generated]):
    condes.o                  runtime/condes.s:19
__DESTRUCTOR_TABLE__ ([linker generated]):
    condes.o                  runtime/condes.s:19
__EXEHDR__ (exehdr.o):
    [linker generated]        C:\bin\cc65\cfg/c64.cfg:6
__HEADER_LAST__ ([linker generated]):
    [linker generated]        C:\bin\cc65\cfg/c64.cfg:14
    [linker generated]        C:\bin\cc65\cfg/c64.cfg:14
__HIMEM__ ([linker generated]):
    [linker generated]        C:\bin\cc65\cfg/c64.cfg:15
    [linker generated]        C:\bin\cc65\cfg/c64.cfg:14
__LOADADDR__ (loadaddr.o):
    [linker generated]        C:\bin\cc65\cfg/c64.cfg:5
__MAIN_SIZE__ ([linker generated]):
    crt0.o                    c64/crt0.s:11
__MAIN_START__ ([linker generated]):
    crt0.o                    c64/crt0.s:11
__ONCE_RUN__ ([linker generated]):
    [linker generated]        C:\bin\cc65\cfg/c64.cfg:15
    [linker generated]        C:\bin\cc65\cfg/c64.cfg:15
__STACKSIZE__ ([linker generated]):
    [linker generated]        C:\bin\cc65\cfg/c64.cfg:15
__STARTUP__ (crt0.o):
    main.o                    build/main.c.9896.0.s:13
___directerrno (_directerrno.o):
    vsnprintf.o               /home/runner/work/cc65/cc65/asminc/errno.inc:10
___errno (errno.o):
    _seterrno.o               /home/runner/work/cc65/cc65/asminc/errno.inc:7
___oserror (_oserror.o):
    _directerrno.o            /home/runner/work/cc65/cc65/asminc/errno.inc:7
___seterrno (_seterrno.o):
    _directerrno.o            /home/runner/work/cc65/cc65/asminc/errno.inc:9
__ctype (ctype.o):
    ctypemask.o               common/ctypemask.s:23
__ctypeidx (ctype.o):
    ctypemask.o               common/ctypemask.s:24
__hextab (_hextab.o):
    ltoa.o                    common/ltoa.s:10
__longminstr (_longminstr.o):
    ltoa.o                    common/ltoa.s:10
__printf (_printf.o):
    vsnprintf.o               common/vsnprintf.s:10
_action_browse_topsite (actions.o):
    main.o                    build/main.c.9896.0.s:46
_action_hardware_shop (actions.o):
    main.o                    build/main.c.9896.0.s:48
_action_move_releases (actions.o):
    main.o                    build/main.c.9896.0.s:49
_action_post_to_forum (actions.o):
    main.o                    build/main.c.9896.0.s:47
_action_rep_shop (actions.o):
    main.o                    build/main.c.9896.0.s:50
_action_scan (actions.o):
    main.o                    build/main.c.9896.0.s:45
_bgcolor (color.o):
    screen.o                  build\screen.c.31908.0.s:15
_bordercolor (bordercolor.o):
    screen.o                  build\screen.c.31908.0.s:16
_cgetc (cgetc.o):
    ui_releases.o             build/ui_releases.c.33760.0.s:15
    ui_ftps.o                 build/ui_ftps.c.8956.0.s:13
    input.o                   build\input.c.18232.0.s:18
_clrscr (clrscr.o):
    screen.o                  build\screen.c.31908.0.s:13
_forum_create_post (forum.o):
    actions.o                 build\actions.c.15516.0.s:46
_forum_get_name (forum.o):
    ui_forums.o               build/ui_forums.c.63404.0.s:24
_forum_get_post (forum.o):
    ui_hub.o                  build/ui_hub.c.47692.0.s:24
    ui_forums.o               build/ui_forums.c.63404.0.s:23
    main.o                    build/main.c.9896.0.s:33
_forum_has_post (forum.o):
    ui_releases.o             build/ui_releases.c.33760.0.s:37
    actions.o                 build\actions.c.15516.0.s:47
_forum_init (forum.o):
    main.o                    build/main.c.9896.0.s:31
_forum_unnuke_post (forum.o):
    actions.o                 build\actions.c.15516.0.s:48
_forum_update_all_posts (forum.o):
    main.o                    build/main.c.9896.0.s:32
_ftp_add_release (ftp.o):
    actions.o                 build\actions.c.15516.0.s:43
_ftp_get (ftp.o):
    ui_forums.o               build/ui_forums.c.63404.0.s:25
    forum.o                   build/forum.c.21932.0.s:23
    actions.o                 build\actions.c.15516.0.s:42
_ftp_get_heat_color (ftp.o):
    ui_ftps.o                 build/ui_ftps.c.8956.0.s:29
_ftp_get_heat_text (ftp.o):
    ui_ftps.o                 build/ui_ftps.c.8956.0.s:28
_ftp_get_trait_color (ftp.o):
    ui_releases.o             build/ui_releases.c.33760.0.s:36
    ui_ftps.o                 build/ui_ftps.c.8956.0.s:31
_ftp_get_trait_tag (ftp.o):
    ui_releases.o             build/ui_releases.c.33760.0.s:35
    ui_ftps.o                 build/ui_ftps.c.8956.0.s:30
_ftp_has_space (ftp.o):
    ui_releases.o             build/ui_releases.c.33760.0.s:34
    ui_ftps.o                 build/ui_ftps.c.8956.0.s:26
    actions.o                 build\actions.c.15516.0.s:44
_ftp_init (ftp.o):
    main.o                    build/main.c.9896.0.s:25
_ftp_move_release (ftp.o):
    ui_ftps.o                 build/ui_ftps.c.8956.0.s:27
_ftp_process_raids (ftp.o):
    main.o                    build/main.c.9896.0.s:28
_ftp_scan (ftp.o):
    main.o                    build/main.c.9896.0.s:26
    actions.o                 build\actions.c.15516.0.s:41
_ftp_update_all_risks (ftp.o):
    main.o                    build/main.c.9896.0.s:27
_ftps (ftp.o):
    ui_releases.o             build/ui_releases.c.33760.0.s:33
    ui_ftps.o                 build/ui_ftps.c.8956.0.s:25
    release.o                 build/release.c.51308.0.s:23
    forum.o                   build/forum.c.21932.0.s:22
    actions.o                 build\actions.c.15516.0.s:40
_game_state (gamestate.o):
    ui_shops.o                build\ui_shops.c.15668.0.s:23
    ui_releases.o             build/ui_releases.c.33760.0.s:32
    ui_ftps.o                 build/ui_ftps.c.8956.0.s:24
    ui_forums.o               build/ui_forums.c.63404.0.s:22
    ui_events.o               build/ui_events.c.37488.0.s:24
    ui_core.o                 build\ui_core.c.11612.0.s:23
    rank.o                    build\rank.c.51716.0.s:17
    main.o                    build/main.c.9896.0.s:19
    ftp.o                     build/ftp.c.34208.0.s:39
    forum.o                   build/forum.c.21932.0.s:26
    actions.o                 build\actions.c.15516.0.s:29
_gamestate_add_reputation (gamestate.o):
    main.o                    build/main.c.9896.0.s:23
    forum.o                   build/forum.c.21932.0.s:27
_gamestate_advance_turn (gamestate.o):
    actions.o                 build\actions.c.15516.0.s:30
_gamestate_apply_temp_equipment (gamestate.o):
    main.o                    build/main.c.9896.0.s:24
_gamestate_calculate_actions (gamestate.o):
    ui_shops.o                build\ui_shops.c.15668.0.s:24
    actions.o                 build\actions.c.15516.0.s:33
_gamestate_can_afford_rep (gamestate.o):
    actions.o                 build\actions.c.15516.0.s:37
_gamestate_can_use_action (gamestate.o):
    actions.o                 build\actions.c.15516.0.s:31
_gamestate_check_rank_up (gamestate.o):
    main.o                    build/main.c.9896.0.s:22
_gamestate_has_hardware (gamestate.o):
    ui_shops.o                build\ui_shops.c.15668.0.s:25
    actions.o                 build\actions.c.15516.0.s:34
_gamestate_has_security_audit (gamestate.o):
    ftp.o                     build/ftp.c.34208.0.s:40
_gamestate_has_vip_access (gamestate.o):
    forum.o                   build/forum.c.21932.0.s:28
_gamestate_init (gamestate.o):
    main.o                    build/main.c.9896.0.s:20
_gamestate_purchase_hardware (gamestate.o):
    actions.o                 build\actions.c.15516.0.s:35
_gamestate_spend_rep (gamestate.o):
    actions.o                 build\actions.c.15516.0.s:38
_gamestate_start_game (gamestate.o):
    main.o                    build/main.c.9896.0.s:21
_gamestate_update_bandwidth (gamestate.o):
    actions.o                 build\actions.c.15516.0.s:36
_gamestate_use_action (gamestate.o):
    actions.o                 build\actions.c.15516.0.s:32
_groups (release.o):
    forum.o                   build/forum.c.21932.0.s:24
_handle_playing_state (actions.o):
    main.o                    build/main.c.9896.0.s:44
_hardware_tiers (ftp.o):
    ui_shops.o                build\ui_shops.c.15668.0.s:26
    gamestate.o               build\gamestate.c.21176.0.s:36
    actions.o                 build\actions.c.15516.0.s:39
_input_check_quit (input.o):
    ui_releases.o             build/ui_releases.c.33760.0.s:40
    main.o                    build/main.c.9896.0.s:16
_input_init (input.o):
    main.o                    build/main.c.9896.0.s:14
_input_read_menu (input.o):
    ui_shops.o                build\ui_shops.c.15668.0.s:27
    ui_releases.o             build/ui_releases.c.33760.0.s:38
    main.o                    build/main.c.9896.0.s:15
    actions.o                 build\actions.c.15516.0.s:27
_input_wait_key (input.o):
    ui_shops.o                build\ui_shops.c.15668.0.s:28
    ui_releases.o             build/ui_releases.c.33760.0.s:39
    ui_hub.o                  build/ui_hub.c.47692.0.s:25
    ui_ftps.o                 build/ui_ftps.c.8956.0.s:33
    ui_forums.o               build/ui_forums.c.63404.0.s:26
    ui_events.o               build/ui_events.c.37488.0.s:27
    actions.o                 build\actions.c.15516.0.s:28
_kbhit (kbhit.o):
    ui_releases.o             build/ui_releases.c.33760.0.s:14
    input.o                   build\input.c.18232.0.s:17
_ltoa (ltoa.o):
    _printf.o                 common/_printf.s:12
_main (main.o):
    callmain.o                runtime/callmain.s:11
_memcpy (memcpy.o):
    vsnprintf.o               common/vsnprintf.s:10
    release.o                 build/release.c.51308.0.s:25
    ftp.o                     build/ftp.c.34208.0.s:1956
_posts (forum.o):
    ui_ftps.o                 build/ui_ftps.c.8956.0.s:32
    ui_events.o               build/ui_events.c.37488.0.s:26
    release.o                 build/release.c.51308.0.s:24
    ftp.o                     build/ftp.c.34208.0.s:37
_random_init (random.o):
    main.o                    build/main.c.9896.0.s:17
_random_range (random.o):
    release.o                 build/release.c.51308.0.s:22
    main.o                    build/main.c.9896.0.s:18
    ftp.o                     build/ftp.c.34208.0.s:38
    forum.o                   build/forum.c.21932.0.s:29
_rank_apply_bonuses (rank.o):
    gamestate.o               build\gamestate.c.21176.0.s:35
_rank_get_name (rank.o):
    ui_events.o               build/ui_events.c.37488.0.s:25
    ui_core.o                 build\ui_core.c.11612.0.s:24
_rank_get_next (rank.o):
    gamestate.o               build\gamestate.c.21176.0.s:34
_release_add (release.o):
    actions.o                 build\actions.c.15516.0.s:14
_release_cleanup_unused (release.o):
    main.o                    build/main.c.9896.0.s:30
_release_generate (release.o):
    actions.o                 build\actions.c.15516.0.s:13
_release_get (release.o):
    ui_releases.o             build/ui_releases.c.33760.0.s:16
    ui_hub.o                  build/ui_hub.c.47692.0.s:13
    ui_ftps.o                 build/ui_ftps.c.8956.0.s:14
    ui_forums.o               build/ui_forums.c.63404.0.s:13
    forum.o                   build/forum.c.21932.0.s:25
    actions.o                 build\actions.c.15516.0.s:15
_release_init (release.o):
    main.o                    build/main.c.9896.0.s:29
_screen_clear (screen.o):
    ui_shops.o                build\ui_shops.c.15668.0.s:20
    ui_releases.o             build/ui_releases.c.33760.0.s:29
    ui_hub.o                  build/ui_hub.c.47692.0.s:22
    ui_ftps.o                 build/ui_ftps.c.8956.0.s:21
    ui_forums.o               build/ui_forums.c.63404.0.s:20
    ui_events.o               build/ui_events.c.37488.0.s:22
    actions.o                 build\actions.c.15516.0.s:25
_screen_init (screen.o):
    ui_core.o                 build\ui_core.c.11612.0.s:20
_screen_print_number (screen.o):
    ui_shops.o                build\ui_shops.c.15668.0.s:22
    ui_releases.o             build/ui_releases.c.33760.0.s:31
    ui_hub.o                  build/ui_hub.c.47692.0.s:23
    ui_ftps.o                 build/ui_ftps.c.8956.0.s:23
    ui_forums.o               build/ui_forums.c.63404.0.s:21
    ui_events.o               build/ui_events.c.37488.0.s:23
    ui_core.o                 build\ui_core.c.11612.0.s:22
    actions.o                 build\actions.c.15516.0.s:26
_screen_set_char (screen.o):
    ui_shops.o                build\ui_shops.c.15668.0.s:21
    ui_releases.o             build/ui_releases.c.33760.0.s:30
    ui_ftps.o                 build/ui_ftps.c.8956.0.s:22
    ui_core.o                 build\ui_core.c.11612.0.s:21
_sprintf (sprintf.o):
    ftp.o                     build/ftp.c.34208.0.s:41
_strlen (strlen.o):
    _printf.o                 common/_printf.s:13
    ui_core.o                 build\ui_core.c.11612.0.s:25
_strlower (strlower.o):
    _printf.o                 common/_printf.s:13
_textcolor (color.o):
    screen.o                  build\screen.c.31908.0.s:14
_topsite_allows_category (topsite.o):
    release.o                 build/release.c.51308.0.s:21
_topsites (topsite.o):
    actions.o                 build\actions.c.15516.0.s:45
_ui_animate_matrix (ui_core.o):
    ui_releases.o             build/ui_releases.c.33760.0.s:22
_ui_draw_hline (ui_core.o):
    ui_shops.o                build\ui_shops.c.15668.0.s:16
    ui_releases.o             build/ui_releases.c.33760.0.s:20
    ui_hub.o                  build/ui_hub.c.47692.0.s:17
    ui_ftps.o                 build/ui_ftps.c.8956.0.s:18
    ui_forums.o               build/ui_forums.c.63404.0.s:17
    ui_events.o               build/ui_events.c.37488.0.s:17
_ui_draw_progress_bar (ui_core.o):
    ui_releases.o             build/ui_releases.c.33760.0.s:21
_ui_init (ui_core.o):
    main.o                    build/main.c.9896.0.s:34
_ui_print_centered (ui_core.o):
    ui_shops.o                build\ui_shops.c.15668.0.s:15
    ui_releases.o             build/ui_releases.c.33760.0.s:19
    ui_hub.o                  build/ui_hub.c.47692.0.s:16
    ui_ftps.o                 build/ui_ftps.c.8956.0.s:17
    ui_forums.o               build/ui_forums.c.63404.0.s:16
    ui_events.o               build/ui_events.c.37488.0.s:16
    actions.o                 build\actions.c.15516.0.s:51
_ui_print_string (ui_core.o):
    ui_shops.o                build\ui_shops.c.15668.0.s:14
    ui_releases.o             build/ui_releases.c.33760.0.s:18
    ui_hub.o                  build/ui_hub.c.47692.0.s:15
    ui_ftps.o                 build/ui_ftps.c.8956.0.s:16
    ui_forums.o               build/ui_forums.c.63404.0.s:15
    ui_events.o               build/ui_events.c.37488.0.s:15
    actions.o                 build\actions.c.15516.0.s:50
_ui_render_hud (ui_core.o):
    ui_shops.o                build\ui_shops.c.15668.0.s:13
    ui_releases.o             build/ui_releases.c.33760.0.s:17
    ui_hub.o                  build/ui_hub.c.47692.0.s:14
    ui_ftps.o                 build/ui_ftps.c.8956.0.s:15
    ui_forums.o               build/ui_forums.c.63404.0.s:14
    ui_events.o               build/ui_events.c.37488.0.s:14
    actions.o                 build\actions.c.15516.0.s:49
_ui_show_event (ui_events.o):
    main.o                    build/main.c.9896.0.s:43
_ui_show_forum_post (ui_forums.o):
    actions.o                 build\actions.c.15516.0.s:59
_ui_show_ftp_select (ui_releases.o):
    actions.o                 build\actions.c.15516.0.s:56
_ui_show_ftps (ui_ftps.o):
    main.o                    build/main.c.9896.0.s:41
_ui_show_fxp_anim (ui_releases.o):
    actions.o                 build\actions.c.15516.0.s:57
_ui_show_game_over (ui_events.o):
    main.o                    build/main.c.9896.0.s:39
_ui_show_hardware_shop (ui_shops.o):
    actions.o                 build\actions.c.15516.0.s:60
_ui_show_help (ui_hub.o):
    main.o                    build/main.c.9896.0.s:37
_ui_show_hub (ui_hub.o):
    actions.o                 build\actions.c.15516.0.s:52
_ui_show_inside_info (ui_shops.o):
    actions.o                 build\actions.c.15516.0.s:63
_ui_show_menu (ui_hub.o):
    main.o                    build/main.c.9896.0.s:36
_ui_show_move_releases (ui_ftps.o):
    actions.o                 build\actions.c.15516.0.s:61
_ui_show_raid_alert (ui_events.o):
    main.o                    build/main.c.9896.0.s:42
_ui_show_rank_up (ui_events.o):
    main.o                    build/main.c.9896.0.s:38
_ui_show_release_select (ui_releases.o):
    actions.o                 build\actions.c.15516.0.s:58
_ui_show_rep_shop (ui_shops.o):
    actions.o                 build\actions.c.15516.0.s:62
_ui_show_scan_anim (ui_releases.o):
    actions.o                 build\actions.c.15516.0.s:53
_ui_show_splash (ui_hub.o):
    main.o                    build/main.c.9896.0.s:35
_ui_show_stats (ui_forums.o):
    main.o                    build/main.c.9896.0.s:40
_ui_show_topsite (ui_releases.o):
    actions.o                 build\actions.c.15516.0.s:55
_ui_show_topsite_list (ui_releases.o):
    actions.o                 build\actions.c.15516.0.s:54
_ultoa (ltoa.o):
    _printf.o                 common/_printf.s:12
_vsprintf (vsprintf.o):
    sprintf.o                 common/sprintf.s:8
_waitvsync (waitvsync.o):
    ui_releases.o             build/ui_releases.c.33760.0.s:13
    ui_events.o               build/ui_events.c.37488.0.s:13
addysp (addysp.o):
    sprintf.o                 common/sprintf.s:8
    incsp6.o                  runtime/incsp6.s:8
    incsp5.o                  runtime/incsp5.s:8
    incsp4.o                  runtime/incsp4.s:8
    incsp3.o                  runtime/incsp3.s:8
addysp1 (addysp.o):
    sub.o                     runtime/sub.s:8
    ludiv.o                   runtime/ludiv.s:9
    lmul.o                    runtime/lmul.s:9
aslax2 (aslax2.o):
    release.o                 build/release.c.51308.0.s:1164
    forum.o                   build/forum.c.21932.0.s:1014
    forum.o                   build/forum.c.21932.0.s:1014
aslaxy (shl.o):
    ui_shops.o                build\ui_shops.c.15668.0.s:622
    gamestate.o               build\gamestate.c.21176.0.s:604
    gamestate.o               build\gamestate.c.21176.0.s:604
    actions.o                 build\actions.c.15516.0.s:1742
axlong (axlong.o):
    _printf.o                 common/_printf.s:11
    forum.o                   build/forum.c.21932.0.s:1014
axulong (axlong.o):
    _printf.o                 common/_printf.s:11
    forum.o                   build/forum.c.21932.0.s:1014
bnegax (bneg.o):
    ui_ftps.o                 build/ui_ftps.c.8956.0.s:1565
    actions.o                 build\actions.c.15516.0.s:1742
boolne (makebool.o):
    topsite.o                 build\topsite.c.40268.0.s:96
    gamestate.o               build\gamestate.c.21176.0.s:604
    gamestate.o               build\gamestate.c.21176.0.s:604
    gamestate.o               build\gamestate.c.21176.0.s:604
    gamestate.o               build\gamestate.c.21176.0.s:604
booluge (makebool.o):
    uge.o                     runtime/uge.s:8
boolult (makebool.o):
    ftp.o                     build/ftp.c.34208.0.s:1956
    ftp.o                     build/ftp.c.34208.0.s:1956
    actions.o                 build\actions.c.15516.0.s:1742
c_sp (zeropage.o):
    decsp6.o                  runtime/decsp6.s:8
    _printf.o                 /home/runner/work/cc65/cc65/asminc/zeropage.inc:11
    vsnprintf.o               common/vsnprintf.s:11
    staxsp.o                  runtime/staxsp.s:8
    decsp4.o                  runtime/decsp4.s:8
    addysp.o                  runtime/addysp.s:8
    sub.o                     runtime/sub.s:9
    staxspi.o                 runtime/staxspi.s:10
    staspidx.o                runtime/staspidx.s:9
    sprintf.o                 common/sprintf.s:9
    pushwsp.o                 runtime/pushwsp.s:8
    pushax.o                  runtime/pushax.s:8
    pusha.o                   runtime/pusha.s:8
    popptr1.o                 runtime/popptr1.s:9
    memcpy.o                  common/memcpy.s:15
    ludiv.o                   runtime/ludiv.s:10
    lpush.o                   runtime/lpush.s:13
    lmul.o                    runtime/lmul.s:10
    ldptr1sp.o                runtime/ldptr1sp.s:8
    ldaxsp.o                  runtime/ldaxsp.s:8
    incsp2.o                  runtime/incsp2.s:8
    incsp1.o                  runtime/incsp1.s:8
    icmp.o                    runtime/icmp.s:9
    crt0.o                    /home/runner/work/cc65/cc65/asminc/zeropage.inc:11
    add.o                     runtime/add.s:12
    ui_releases.o             build/ui_releases.c.33760.0.s:10
    ui_forums.o               build/ui_forums.c.63404.0.s:10
    ui_core.o                 build\ui_core.c.11612.0.s:10
    topsite.o                 build\topsite.c.40268.0.s:10
    screen.o                  build\screen.c.31908.0.s:10
    release.o                 build/release.c.51308.0.s:10
    rank.o                    build\rank.c.51716.0.s:10
    random.o                  build\random.c.56368.0.s:10
    input.o                   build\input.c.18232.0.s:10
    gamestate.o               build\gamestate.c.21176.0.s:10
    ftp.o                     build/ftp.c.34208.0.s:10
    forum.o                   build/forum.c.21932.0.s:10
callmain (callmain.o):
    crt0.o                    c64/crt0.s:9
ctypemaskdirect (ctypemask.o):
    strlower.o                common/strlower.s:14
cursor (_cursor.o):
    cgetc.o                   c64/cgetc.s:8
decax1 (decax1.o):
    ui_core.o                 build\ui_core.c.11612.0.s:914
    ftp.o                     build/ftp.c.34208.0.s:1956
decaxy (decaxy.o):
    ui_ftps.o                 build/ui_ftps.c.8956.0.s:1565
    input.o                   build\input.c.18232.0.s:160
decsp4 (decsp4.o):
    sprintf.o                 common/sprintf.s:8
    lpush.o                   runtime/lpush.s:12
decsp6 (decsp6.o):
    _printf.o                 common/_printf.s:11
donelib (condes.o):
    crt0.o                    c64/crt0.s:8
incax1 (incax1.o):
    ui_shops.o                build\ui_shops.c.15668.0.s:622
    ui_releases.o             build/ui_releases.c.33760.0.s:1944
    ui_releases.o             build/ui_releases.c.33760.0.s:1944
    ui_releases.o             build/ui_releases.c.33760.0.s:1944
    ui_releases.o             build/ui_releases.c.33760.0.s:1944
    ui_releases.o             build/ui_releases.c.33760.0.s:1944
    ui_hub.o                  build/ui_hub.c.47692.0.s:709
    ui_ftps.o                 build/ui_ftps.c.8956.0.s:1565
    ui_ftps.o                 build/ui_ftps.c.8956.0.s:1565
    ui_forums.o               build/ui_forums.c.63404.0.s:473
    ui_forums.o               build/ui_forums.c.63404.0.s:473
    release.o                 build/release.c.51308.0.s:1164
    release.o                 build/release.c.51308.0.s:1164
    rank.o                    build\rank.c.51716.0.s:195
    ftp.o                     build/ftp.c.34208.0.s:1956
    forum.o                   build/forum.c.21932.0.s:1014
    actions.o                 build\actions.c.15516.0.s:1742
incaxy (incaxy.o):
    ui_releases.o             build/ui_releases.c.33760.0.s:1944
    ui_ftps.o                 build/ui_ftps.c.8956.0.s:1565
    ui_ftps.o                 build/ui_ftps.c.8956.0.s:1565
    screen.o                  build\screen.c.31908.0.s:254
    release.o                 build/release.c.51308.0.s:1164
    release.o                 build/release.c.51308.0.s:1164
    release.o                 build/release.c.51308.0.s:1164
    random.o                  build\random.c.56368.0.s:183
    input.o                   build\input.c.18232.0.s:160
    ftp.o                     build/ftp.c.34208.0.s:1956
    ftp.o                     build/ftp.c.34208.0.s:1956
    ftp.o                     build/ftp.c.34208.0.s:1956
    actions.o                 build\actions.c.15516.0.s:1742
incsp1 (incsp1.o):
    ui_core.o                 build\ui_core.c.11612.0.s:914
    release.o                 build/release.c.51308.0.s:1164
    rank.o                    build\rank.c.51716.0.s:195
    input.o                   build\input.c.18232.0.s:160
    gamestate.o               build\gamestate.c.21176.0.s:604
    gamestate.o               build\gamestate.c.21176.0.s:604
    gamestate.o               build\gamestate.c.21176.0.s:604
    ftp.o                     build/ftp.c.34208.0.s:1956
    ftp.o                     build/ftp.c.34208.0.s:1956
    ftp.o                     build/ftp.c.34208.0.s:1956
    ftp.o                     build/ftp.c.34208.0.s:1956
    ftp.o                     build/ftp.c.34208.0.s:1956
    ftp.o                     build/ftp.c.34208.0.s:1956
    ftp.o                     build/ftp.c.34208.0.s:1956
    ftp.o                     build/ftp.c.34208.0.s:1956
    ftp.o                     build/ftp.c.34208.0.s:1956
    ftp.o                     build/ftp.c.34208.0.s:1956
    ftp.o                     build/ftp.c.34208.0.s:1956
    ftp.o                     build/ftp.c.34208.0.s:1956
    ftp.o                     build/ftp.c.34208.0.s:1956
    forum.o                   build/forum.c.21932.0.s:1014
    forum.o                   build/forum.c.21932.0.s:1014
incsp2 (incsp2.o):
    vsnprintf.o               common/vsnprintf.s:9
    staxspi.o                 runtime/staxspi.s:9
    staspidx.o                runtime/staspidx.s:8
    popptr1.o                 runtime/popptr1.s:8
    ui_releases.o             build/ui_releases.c.33760.0.s:1944
    topsite.o                 build\topsite.c.40268.0.s:96
    screen.o                  build\screen.c.31908.0.s:254
    release.o                 build/release.c.51308.0.s:1164
    random.o                  build\random.c.56368.0.s:183
    gamestate.o               build\gamestate.c.21176.0.s:604
    gamestate.o               build\gamestate.c.21176.0.s:604
    gamestate.o               build\gamestate.c.21176.0.s:604
    gamestate.o               build\gamestate.c.21176.0.s:604
    ftp.o                     build/ftp.c.34208.0.s:1956
    ftp.o                     build/ftp.c.34208.0.s:1956
    ftp.o                     build/ftp.c.34208.0.s:1956
    ftp.o                     build/ftp.c.34208.0.s:1956
    forum.o                   build/forum.c.21932.0.s:1014
incsp3 (incsp3.o):
    ui_releases.o             build/ui_releases.c.33760.0.s:1944
    ui_forums.o               build/ui_forums.c.63404.0.s:473
    release.o                 build/release.c.51308.0.s:1164
    rank.o                    build\rank.c.51716.0.s:195
    random.o                  build\random.c.56368.0.s:183
    ftp.o                     build/ftp.c.34208.0.s:1956
    forum.o                   build/forum.c.21932.0.s:1014
incsp4 (incsp4.o):
    ui_releases.o             build/ui_releases.c.33760.0.s:1944
    ui_releases.o             build/ui_releases.c.33760.0.s:1944
    ui_core.o                 build\ui_core.c.11612.0.s:914
    ui_core.o                 build\ui_core.c.11612.0.s:914
    screen.o                  build\screen.c.31908.0.s:254
incsp5 (incsp5.o):
    ui_core.o                 build\ui_core.c.11612.0.s:914
    ui_core.o                 build\ui_core.c.11612.0.s:914
incsp6 (incsp6.o):
    vsnprintf.o               common/vsnprintf.s:9
    screen.o                  build\screen.c.31908.0.s:254
initlib (condes.o):
    crt0.o                    c64/crt0.s:8
ldax0sp (ldaxsp.o):
    ui_releases.o             build/ui_releases.c.33760.0.s:1944
    release.o                 build/release.c.51308.0.s:1164
    gamestate.o               build\gamestate.c.21176.0.s:604
    gamestate.o               build\gamestate.c.21176.0.s:604
ldaxi (ldaxi.o):
    release.o                 build/release.c.51308.0.s:1164
    rank.o                    build\rank.c.51716.0.s:195
    forum.o                   build/forum.c.21932.0.s:1014
ldaxidx (ldaxi.o):
    ui_shops.o                build\ui_shops.c.15668.0.s:622
    release.o                 build/release.c.51308.0.s:1164
    rank.o                    build\rank.c.51716.0.s:195
    main.o                    build/main.c.9896.0.s:507
    gamestate.o               build\gamestate.c.21176.0.s:604
    ftp.o                     build/ftp.c.34208.0.s:1956
    ftp.o                     build/ftp.c.34208.0.s:1956
    forum.o                   build/forum.c.21932.0.s:1014
    actions.o                 build\actions.c.15516.0.s:1742
    actions.o                 build\actions.c.15516.0.s:1742
ldaxysp (ldaxsp.o):
    vsnprintf.o               common/vsnprintf.s:9
    ui_releases.o             build/ui_releases.c.33760.0.s:1944
    ui_releases.o             build/ui_releases.c.33760.0.s:1944
    ui_releases.o             build/ui_releases.c.33760.0.s:1944
    ui_forums.o               build/ui_forums.c.63404.0.s:473
    ui_core.o                 build\ui_core.c.11612.0.s:914
    ui_core.o                 build\ui_core.c.11612.0.s:914
    release.o                 build/release.c.51308.0.s:1164
    random.o                  build\random.c.56368.0.s:183
ldptr10sp (ldptr1sp.o):
    release.o                 build/release.c.51308.0.s:1164
ldptr1ysp (ldptr1sp.o):
    release.o                 build/release.c.51308.0.s:1164
    random.o                  build\random.c.56368.0.s:183
mul8x16 (mul8.o):
    mul.o                     runtime/mul.s:8
mul8x16a (mul8.o):
    mul.o                     runtime/mul.s:8
mulax10 (mulax10.o):
    screen.o                  build\screen.c.31908.0.s:254
mulax3 (mulax3.o):
    ui_releases.o             build/ui_releases.c.33760.0.s:1944
mulax5 (mulax5.o):
    topsite.o                 build\topsite.c.40268.0.s:96
    actions.o                 build\actions.c.15516.0.s:1742
mulax6 (mulax6.o):
    release.o                 build/release.c.51308.0.s:1164
    rank.o                    build\rank.c.51716.0.s:195
    rank.o                    build\rank.c.51716.0.s:195
    rank.o                    build\rank.c.51716.0.s:195
mulax9 (mulax9.o):
    ui_shops.o                build\ui_shops.c.15668.0.s:622
    gamestate.o               build\gamestate.c.21176.0.s:604
    ftp.o                     build/ftp.c.34208.0.s:1956
    actions.o                 build\actions.c.15516.0.s:1742
negax (negabs.o):
    shelp.o                   runtime/shelp.s:11
    mod.o                     runtime/mod.s:11
    div.o                     runtime/div.s:11
negeax (lneg.o):
    ltoa.o                    common/ltoa.s:9
popax (incsp2.o):
    ltoa.o                    common/ltoa.s:9
    _printf.o                 common/_printf.s:11
    vsnprintf.o               common/vsnprintf.s:9
    shl.o                     runtime/shl.s:15
    shelp.o                   runtime/shelp.s:11
    memcpy.o                  common/memcpy.s:14
popptr1 (popptr1.o):
    ltoa.o                    common/ltoa.s:9
    umod.o                    runtime/umod.s:8
    udiv.o                    runtime/udiv.s:9
    mul8.o                    runtime/mul8.s:9
    mul.o                     runtime/mul.s:9
    memcpy.o                  common/memcpy.s:14
popsargsudiv16 (shelp.o):
    mod.o                     runtime/mod.s:11
    div.o                     runtime/div.s:11
ptr1 (zeropage.o):
    strlower.o                common/strlower.s:13
    ltoa.o                    common/ltoa.s:11
    _printf.o                 /home/runner/work/cc65/cc65/asminc/zeropage.inc:12
    vsnprintf.o               common/vsnprintf.s:11
    zerobss.o                 common/zerobss.s:9
    udiv.o                    runtime/udiv.s:10
    staxspi.o                 runtime/staxspi.s:10
    staspidx.o                runtime/staspidx.s:9
    sprintf.o                 common/sprintf.s:9
    shelp.o                   runtime/shelp.s:12
    pushw.o                   runtime/pushw.s:9
    popptr1.o                 runtime/popptr1.s:9
    mulax9.o                  runtime/mulax9.s:10
    mulax6.o                  runtime/mulax6.s:9
    mulax5.o                  runtime/mulax5.s:9
    mulax3.o                  runtime/mulax3.s:9
    mulax10.o                 runtime/mulax10.s:9
    mul8.o                    runtime/mul8.s:10
    mul.o                     runtime/mul.s:10
    memcpy.o                  common/memcpy.s:15
    ludiv.o                   runtime/ludiv.s:10
    lmul.o                    runtime/lmul.s:10
    ldptr1sp.o                runtime/ldptr1sp.s:8
    ldaxi.o                   runtime/ldaxi.s:8
    div.o                     runtime/div.s:12
    ui_releases.o             build/ui_releases.c.33760.0.s:11
    ui_hub.o                  build/ui_hub.c.47692.0.s:11
    ui_ftps.o                 build/ui_ftps.c.8956.0.s:11
    ui_forums.o               build/ui_forums.c.63404.0.s:11
    ui_events.o               build/ui_events.c.37488.0.s:11
    ui_core.o                 build\ui_core.c.11612.0.s:11
    topsite.o                 build\topsite.c.40268.0.s:11
    screen.o                  build\screen.c.31908.0.s:11
    release.o                 build/release.c.51308.0.s:11
    rank.o                    build\rank.c.51716.0.s:11
    random.o                  build\random.c.56368.0.s:11
    main.o                    build/main.c.9896.0.s:11
    ftp.o                     build/ftp.c.34208.0.s:11
    forum.o                   build/forum.c.21932.0.s:11
    actions.o                 build\actions.c.15516.0.s:11
ptr2 (zeropage.o):
    strlower.o                common/strlower.s:13
    ltoa.o                    common/ltoa.s:11
    _printf.o                 /home/runner/work/cc65/cc65/asminc/zeropage.inc:12
    memcpy.o                  common/memcpy.s:15
    ludiv.o                   runtime/ludiv.s:10
    ftp.o                     build/ftp.c.34208.0.s:11
ptr3 (zeropage.o):
    ltoa.o                    common/ltoa.s:11
    memcpy.o                  common/memcpy.s:15
    ludiv.o                   runtime/ludiv.s:10
    lmul.o                    runtime/lmul.s:10
ptr4 (zeropage.o):
    umod.o                    runtime/umod.s:9
    udiv.o                    runtime/udiv.s:10
    strlen.o                  common/strlen.s:12
    shelp.o                   runtime/shelp.s:12
    mul8.o                    runtime/mul8.s:10
    mul.o                     runtime/mul.s:10
    ludiv.o                   runtime/ludiv.s:10
    lmul.o                    runtime/lmul.s:10
push1 (push1.o):
    _printf.o                 common/_printf.s:11
pusha (pusha.o):
    ui_shops.o                build\ui_shops.c.15668.0.s:622
    ui_shops.o                build\ui_shops.c.15668.0.s:622
    ui_shops.o                build\ui_shops.c.15668.0.s:622
    ui_releases.o             build/ui_releases.c.33760.0.s:1944
    ui_releases.o             build/ui_releases.c.33760.0.s:1944
    ui_releases.o             build/ui_releases.c.33760.0.s:1944
    ui_releases.o             build/ui_releases.c.33760.0.s:1944
    ui_releases.o             build/ui_releases.c.33760.0.s:1944
    ui_releases.o             build/ui_releases.c.33760.0.s:1944
    ui_hub.o                  build/ui_hub.c.47692.0.s:709
    ui_hub.o                  build/ui_hub.c.47692.0.s:709
    ui_hub.o                  build/ui_hub.c.47692.0.s:709
    ui_hub.o                  build/ui_hub.c.47692.0.s:709
    ui_ftps.o                 build/ui_ftps.c.8956.0.s:1565
    ui_ftps.o                 build/ui_ftps.c.8956.0.s:1565
    ui_forums.o               build/ui_forums.c.63404.0.s:473
    ui_forums.o               build/ui_forums.c.63404.0.s:473
    ui_events.o               build/ui_events.c.37488.0.s:844
    ui_events.o               build/ui_events.c.37488.0.s:844
    ui_events.o               build/ui_events.c.37488.0.s:844
    ui_events.o               build/ui_events.c.37488.0.s:844
    ui_core.o                 build\ui_core.c.11612.0.s:914
    ui_core.o                 build\ui_core.c.11612.0.s:914
    ui_core.o                 build\ui_core.c.11612.0.s:914
    ui_core.o                 build\ui_core.c.11612.0.s:914
    ui_core.o                 build\ui_core.c.11612.0.s:914
    ui_core.o                 build\ui_core.c.11612.0.s:914
    topsite.o                 build\topsite.c.40268.0.s:96
    screen.o                  build\screen.c.31908.0.s:254
    screen.o                  build\screen.c.31908.0.s:254
    screen.o                  build\screen.c.31908.0.s:254
    release.o                 build/release.c.51308.0.s:1164
    release.o                 build/release.c.51308.0.s:1164
    rank.o                    build\rank.c.51716.0.s:195
    random.o                  build\random.c.56368.0.s:183
    random.o                  build\random.c.56368.0.s:183
    main.o                    build/main.c.9896.0.s:507
    input.o                   build\input.c.18232.0.s:160
    gamestate.o               build\gamestate.c.21176.0.s:604
    gamestate.o               build\gamestate.c.21176.0.s:604
    gamestate.o               build\gamestate.c.21176.0.s:604
    gamestate.o               build\gamestate.c.21176.0.s:604
    gamestate.o               build\gamestate.c.21176.0.s:604
    ftp.o                     build/ftp.c.34208.0.s:1956
    ftp.o                     build/ftp.c.34208.0.s:1956
    ftp.o                     build/ftp.c.34208.0.s:1956
    ftp.o                     build/ftp.c.34208.0.s:1956
    ftp.o                     build/ftp.c.34208.0.s:1956
    ftp.o                     build/ftp.c.34208.0.s:1956
    ftp.o                     build/ftp.c.34208.0.s:1956
    ftp.o                     build/ftp.c.34208.0.s:1956
    ftp.o                     build/ftp.c.34208.0.s:1956
    ftp.o                     build/ftp.c.34208.0.s:1956
    ftp.o                     build/ftp.c.34208.0.s:1956
    ftp.o                     build/ftp.c.34208.0.s:1956
    ftp.o                     build/ftp.c.34208.0.s:1956
    ftp.o                     build/ftp.c.34208.0.s:1956
    ftp.o                     build/ftp.c.34208.0.s:1956
    ftp.o                     build/ftp.c.34208.0.s:1956
    ftp.o                     build/ftp.c.34208.0.s:1956
    ftp.o                     build/ftp.c.34208.0.s:1956
    forum.o                   build/forum.c.21932.0.s:1014
    forum.o                   build/forum.c.21932.0.s:1014
    forum.o                   build/forum.c.21932.0.s:1014
    forum.o                   build/forum.c.21932.0.s:1014
    forum.o                   build/forum.c.21932.0.s:1014
    actions.o                 build\actions.c.15516.0.s:1742
    actions.o                 build\actions.c.15516.0.s:1742
    actions.o                 build\actions.c.15516.0.s:1742
    actions.o                 build\actions.c.15516.0.s:1742
    actions.o                 build\actions.c.15516.0.s:1742
    actions.o                 build\actions.c.15516.0.s:1742
    actions.o                 build\actions.c.15516.0.s:1742
pusha0 (pushax.o):
    push1.o                   runtime/push1.s:8
    ui_releases.o             build/ui_releases.c.33760.0.s:1944
    ui_releases.o             build/ui_releases.c.33760.0.s:1944
    ui_releases.o             build/ui_releases.c.33760.0.s:1944
    ui_releases.o             build/ui_releases.c.33760.0.s:1944
    ui_ftps.o                 build/ui_ftps.c.8956.0.s:1565
    ui_ftps.o                 build/ui_ftps.c.8956.0.s:1565
    ui_forums.o               build/ui_forums.c.63404.0.s:473
    ui_events.o               build/ui_events.c.37488.0.s:844
    ui_events.o               build/ui_events.c.37488.0.s:844
    ui_core.o                 build\ui_core.c.11612.0.s:914
    ui_core.o                 build\ui_core.c.11612.0.s:914
    ui_core.o                 build\ui_core.c.11612.0.s:914
    ui_core.o                 build\ui_core.c.11612.0.s:914
    screen.o                  build\screen.c.31908.0.s:254
    release.o                 build/release.c.51308.0.s:1164
    release.o                 build/release.c.51308.0.s:1164
    release.o                 build/release.c.51308.0.s:1164
    release.o                 build/release.c.51308.0.s:1164
    release.o                 build/release.c.51308.0.s:1164
    rank.o                    build\rank.c.51716.0.s:195
    random.o                  build\random.c.56368.0.s:183
    ftp.o                     build/ftp.c.34208.0.s:1956
    ftp.o                     build/ftp.c.34208.0.s:1956
    ftp.o                     build/ftp.c.34208.0.s:1956
    ftp.o                     build/ftp.c.34208.0.s:1956
    ftp.o                     build/ftp.c.34208.0.s:1956
    ftp.o                     build/ftp.c.34208.0.s:1956
    ftp.o                     build/ftp.c.34208.0.s:1956
    ftp.o                     build/ftp.c.34208.0.s:1956
    ftp.o                     build/ftp.c.34208.0.s:1956
    ftp.o                     build/ftp.c.34208.0.s:1956
    ftp.o                     build/ftp.c.34208.0.s:1956
    ftp.o                     build/ftp.c.34208.0.s:1956
    ftp.o                     build/ftp.c.34208.0.s:1956
    ftp.o                     build/ftp.c.34208.0.s:1956
    ftp.o                     build/ftp.c.34208.0.s:1956
    ftp.o                     build/ftp.c.34208.0.s:1956
    ftp.o                     build/ftp.c.34208.0.s:1956
    ftp.o                     build/ftp.c.34208.0.s:1956
    ftp.o                     build/ftp.c.34208.0.s:1956
    forum.o                   build/forum.c.21932.0.s:1014
    forum.o                   build/forum.c.21932.0.s:1014
    forum.o                   build/forum.c.21932.0.s:1014
    forum.o                   build/forum.c.21932.0.s:1014
    forum.o                   build/forum.c.21932.0.s:1014
    forum.o                   build/forum.c.21932.0.s:1014
    actions.o                 build\actions.c.15516.0.s:1742
    actions.o                 build\actions.c.15516.0.s:1742
    actions.o                 build\actions.c.15516.0.s:1742
pushax (pushax.o):
    _printf.o                 common/_printf.s:11
    callmain.o                runtime/callmain.s:11
    pushw.o                   runtime/pushw.s:8
    ui_shops.o                build\ui_shops.c.15668.0.s:622
    ui_shops.o                build\ui_shops.c.15668.0.s:622
    ui_shops.o                build\ui_shops.c.15668.0.s:622
    ui_releases.o             build/ui_releases.c.33760.0.s:1944
    ui_releases.o             build/ui_releases.c.33760.0.s:1944
    ui_releases.o             build/ui_releases.c.33760.0.s:1944
    ui_releases.o             build/ui_releases.c.33760.0.s:1944
    ui_releases.o             build/ui_releases.c.33760.0.s:1944
    ui_releases.o             build/ui_releases.c.33760.0.s:1944
    ui_hub.o                  build/ui_hub.c.47692.0.s:709
    ui_hub.o                  build/ui_hub.c.47692.0.s:709
    ui_hub.o                  build/ui_hub.c.47692.0.s:709
    ui_hub.o                  build/ui_hub.c.47692.0.s:709
    ui_ftps.o                 build/ui_ftps.c.8956.0.s:1565
    ui_ftps.o                 build/ui_ftps.c.8956.0.s:1565
    ui_forums.o               build/ui_forums.c.63404.0.s:473
    ui_forums.o               build/ui_forums.c.63404.0.s:473
    ui_events.o               build/ui_events.c.37488.0.s:844
    ui_events.o               build/ui_events.c.37488.0.s:844
    ui_events.o               build/ui_events.c.37488.0.s:844
    ui_events.o               build/ui_events.c.37488.0.s:844
    ui_core.o                 build\ui_core.c.11612.0.s:914
    ui_core.o                 build\ui_core.c.11612.0.s:914
    ui_core.o                 build\ui_core.c.11612.0.s:914
    ui_core.o                 build\ui_core.c.11612.0.s:914
    screen.o                  build\screen.c.31908.0.s:254
    release.o                 build/release.c.51308.0.s:1164
    release.o                 build/release.c.51308.0.s:1164
    rank.o                    build\rank.c.51716.0.s:195
    random.o                  build\random.c.56368.0.s:183
    random.o                  build\random.c.56368.0.s:183
    gamestate.o               build\gamestate.c.21176.0.s:604
    gamestate.o               build\gamestate.c.21176.0.s:604
    gamestate.o               build\gamestate.c.21176.0.s:604
    ftp.o                     build/ftp.c.34208.0.s:1956
    ftp.o                     build/ftp.c.34208.0.s:1956
    ftp.o                     build/ftp.c.34208.0.s:1956
    ftp.o                     build/ftp.c.34208.0.s:1956
    ftp.o                     build/ftp.c.34208.0.s:1956
    ftp.o                     build/ftp.c.34208.0.s:1956
    ftp.o                     build/ftp.c.34208.0.s:1956
    forum.o                   build/forum.c.21932.0.s:1014
    actions.o                 build\actions.c.15516.0.s:1742
    actions.o                 build\actions.c.15516.0.s:1742
    actions.o                 build\actions.c.15516.0.s:1742
    actions.o                 build\actions.c.15516.0.s:1742
    actions.o                 build\actions.c.15516.0.s:1742
    actions.o                 build\actions.c.15516.0.s:1742
    actions.o                 build\actions.c.15516.0.s:1742
pusheax (lpush.o):
    _printf.o                 common/_printf.s:11
    forum.o                   build/forum.c.21932.0.s:1014
pushw (pushw.o):
    ui_shops.o                build\ui_shops.c.15668.0.s:622
    ui_releases.o             build/ui_releases.c.33760.0.s:1944
    ui_releases.o             build/ui_releases.c.33760.0.s:1944
    ui_events.o               build/ui_events.c.37488.0.s:844
    ftp.o                     build/ftp.c.34208.0.s:1956
    actions.o                 build\actions.c.15516.0.s:1742
pushw0sp (pushwsp.o):
    vsprintf.o                common/vsprintf.s:8
    rank.o                    build\rank.c.51716.0.s:195
pushwidx (pushw.o):
    ui_shops.o                build\ui_shops.c.15668.0.s:622
    ui_releases.o             build/ui_releases.c.33760.0.s:1944
    ui_releases.o             build/ui_releases.c.33760.0.s:1944
    ui_hub.o                  build/ui_hub.c.47692.0.s:709
    ui_ftps.o                 build/ui_ftps.c.8956.0.s:1565
    ui_forums.o               build/ui_forums.c.63404.0.s:473
    actions.o                 build\actions.c.15516.0.s:1742
    actions.o                 build\actions.c.15516.0.s:1742
pushwysp (pushwsp.o):
    ui_releases.o             build/ui_releases.c.33760.0.s:1944
    ui_core.o                 build\ui_core.c.11612.0.s:914
    screen.o                  build\screen.c.31908.0.s:254
    release.o                 build/release.c.51308.0.s:1164
    release.o                 build/release.c.51308.0.s:1164
    ftp.o                     build/ftp.c.34208.0.s:1956
regbank (zeropage.o):
    _printf.o                 /home/runner/work/cc65/cc65/asminc/zeropage.inc:14
shlax1 (aslax1.o):
    main.o                    build/main.c.9896.0.s:507
    ftp.o                     build/ftp.c.34208.0.s:1956
sreg (zeropage.o):
    lneg.o                    runtime/lneg.s:11
    ltoa.o                    common/ltoa.s:11
    _printf.o                 /home/runner/work/cc65/cc65/asminc/zeropage.inc:11
    umod.o                    runtime/umod.s:9
    udiv.o                    runtime/udiv.s:10
    mod.o                     runtime/mod.s:12
    ludiv.o                   runtime/ludiv.s:10
    lpush.o                   runtime/lpush.s:13
    lmul.o                    runtime/lmul.s:10
    icmp.o                    runtime/icmp.s:9
    axlong.o                  runtime/axlong.s:9
    ui_releases.o             build/ui_releases.c.33760.0.s:10
    ui_core.o                 build\ui_core.c.11612.0.s:10
    release.o                 build/release.c.51308.0.s:10
    random.o                  build\random.c.56368.0.s:10
    main.o                    build/main.c.9896.0.s:10
    ftp.o                     build/ftp.c.34208.0.s:10
    forum.o                   build/forum.c.21932.0.s:10
staspidx (staspidx.o):
    release.o                 build/release.c.51308.0.s:1164
    ftp.o                     build/ftp.c.34208.0.s:1956
    forum.o                   build/forum.c.21932.0.s:1014
staxspidx (staxspi.o):
    release.o                 build/release.c.51308.0.s:1164
staxysp (staxsp.o):
    vsprintf.o                common/vsprintf.s:8
tmp1 (zeropage.o):
    ltoa.o                    common/ltoa.s:11
    _printf.o                 /home/runner/work/cc65/cc65/asminc/zeropage.inc:13
    staxspi.o                 runtime/staxspi.s:10
    staspidx.o                runtime/staspidx.s:9
    shl.o                     runtime/shl.s:16
    shelp.o                   runtime/shelp.s:12
    mul.o                     runtime/mul.s:10
    mod.o                     runtime/mod.s:12
    incaxy.o                  runtime/incaxy.s:8
    div.o                     runtime/div.s:12
    decaxy.o                  runtime/decaxy.s:8
    aslax2.o                  runtime/aslax2.s:8
    aslax1.o                  runtime/aslax1.s:8
    add.o                     runtime/add.s:12
    main.o                    build/main.c.9896.0.s:11
    forum.o                   build/forum.c.21932.0.s:11
tmp2 (zeropage.o):
    shelp.o                   runtime/shelp.s:12
    lmul.o                    runtime/lmul.s:10
    div.o                     runtime/div.s:12
tmp3 (zeropage.o):
    ludiv.o                   runtime/ludiv.s:10
    lmul.o                    runtime/lmul.s:10
tmp4 (zeropage.o):
    ludiv.o                   runtime/ludiv.s:10
    lmul.o                    runtime/lmul.s:10
tosaddax (add.o):
    ui_releases.o             build/ui_releases.c.33760.0.s:1944
    ui_core.o                 build\ui_core.c.11612.0.s:914
    random.o                  build\random.c.56368.0.s:183
    forum.o                   build/forum.c.21932.0.s:1014
tosdiva0 (div.o):
    ui_releases.o             build/ui_releases.c.33760.0.s:1944
    ui_core.o                 build\ui_core.c.11612.0.s:914
    ui_core.o                 build\ui_core.c.11612.0.s:914
    ui_core.o                 build\ui_core.c.11612.0.s:914
    ftp.o                     build/ftp.c.34208.0.s:1956
    forum.o                   build/forum.c.21932.0.s:1014
tosicmp (icmp.o):
    uge.o                     runtime/uge.s:8
    rank.o                    build\rank.c.51716.0.s:195
    rank.o                    build\rank.c.51716.0.s:195
    ftp.o                     build/ftp.c.34208.0.s:1956
    actions.o                 build\actions.c.15516.0.s:1742
tosicmp0 (icmp.o):
    ui_releases.o             build/ui_releases.c.33760.0.s:1944
    release.o                 build/release.c.51308.0.s:1164
tosmoda0 (mod.o):
    ui_core.o                 build\ui_core.c.11612.0.s:914
tosmodax (mod.o):
    random.o                  build\random.c.56368.0.s:183
tosmula0 (mul8.o):
    ui_releases.o             build/ui_releases.c.33760.0.s:1944
    ui_releases.o             build/ui_releases.c.33760.0.s:1944
    ui_releases.o             build/ui_releases.c.33760.0.s:1944
    ui_ftps.o                 build/ui_ftps.c.8956.0.s:1565
    ui_ftps.o                 build/ui_ftps.c.8956.0.s:1565
    ui_events.o               build/ui_events.c.37488.0.s:844
    ui_core.o                 build\ui_core.c.11612.0.s:914
    release.o                 build/release.c.51308.0.s:1164
    release.o                 build/release.c.51308.0.s:1164
    release.o                 build/release.c.51308.0.s:1164
    release.o                 build/release.c.51308.0.s:1164
    release.o                 build/release.c.51308.0.s:1164
    ftp.o                     build/ftp.c.34208.0.s:1956
    ftp.o                     build/ftp.c.34208.0.s:1956
    ftp.o                     build/ftp.c.34208.0.s:1956
    ftp.o                     build/ftp.c.34208.0.s:1956
    ftp.o                     build/ftp.c.34208.0.s:1956
    ftp.o                     build/ftp.c.34208.0.s:1956
    ftp.o                     build/ftp.c.34208.0.s:1956
    ftp.o                     build/ftp.c.34208.0.s:1956
    ftp.o                     build/ftp.c.34208.0.s:1956
    ftp.o                     build/ftp.c.34208.0.s:1956
    ftp.o                     build/ftp.c.34208.0.s:1956
    ftp.o                     build/ftp.c.34208.0.s:1956
    ftp.o                     build/ftp.c.34208.0.s:1956
    ftp.o                     build/ftp.c.34208.0.s:1956
    ftp.o                     build/ftp.c.34208.0.s:1956
    ftp.o                     build/ftp.c.34208.0.s:1956
    ftp.o                     build/ftp.c.34208.0.s:1956
    ftp.o                     build/ftp.c.34208.0.s:1956
    ftp.o                     build/ftp.c.34208.0.s:1956
    forum.o                   build/forum.c.21932.0.s:1014
    forum.o                   build/forum.c.21932.0.s:1014
    forum.o                   build/forum.c.21932.0.s:1014
    forum.o                   build/forum.c.21932.0.s:1014
    forum.o                   build/forum.c.21932.0.s:1014
    forum.o                   build/forum.c.21932.0.s:1014
    actions.o                 build\actions.c.15516.0.s:1742
    actions.o                 build\actions.c.15516.0.s:1742
tosmulax (mul.o):
    forum.o                   build/forum.c.21932.0.s:1014
tossuba0 (sub.o):
    random.o                  build\random.c.56368.0.s:183
    forum.o                   build/forum.c.21932.0.s:1014
tosudiv0ax (ludiv.o):
    forum.o                   build/forum.c.21932.0.s:1014
tosudiva0 (udiv.o):
    ui_hub.o                  build/ui_hub.c.47692.0.s:709
    screen.o                  build\screen.c.31908.0.s:254
    release.o                 build/release.c.51308.0.s:1164
    ftp.o                     build/ftp.c.34208.0.s:1956
    ftp.o                     build/ftp.c.34208.0.s:1956
tosudivax (udiv.o):
    screen.o                  build\screen.c.31908.0.s:254
    actions.o                 build\actions.c.15516.0.s:1742
tosugeax (uge.o):
    ui_shops.o                build\ui_shops.c.15668.0.s:622
tosumoda0 (umod.o):
    screen.o                  build\screen.c.31908.0.s:254
    release.o                 build/release.c.51308.0.s:1164
    ftp.o                     build/ftp.c.34208.0.s:1956
tosumula0 (mul8.o):
    ui_releases.o             build/ui_releases.c.33760.0.s:1944
    ui_core.o                 build\ui_core.c.11612.0.s:914
    ui_core.o                 build\ui_core.c.11612.0.s:914
    screen.o                  build\screen.c.31908.0.s:254
    random.o                  build\random.c.56368.0.s:183
    ftp.o                     build/ftp.c.34208.0.s:1956
    ftp.o                     build/ftp.c.34208.0.s:1956
    forum.o                   build/forum.c.21932.0.s:1014
tosumuleax (lmul.o):
    forum.o                   build/forum.c.21932.0.s:1014
udiv16 (udiv.o):
    umod.o                    runtime/umod.s:8
    shelp.o                   runtime/shelp.s:11
vsnprintf (vsnprintf.o):
    vsprintf.o                common/vsprintf.s:9
zerobss (zerobss.o):
    crt0.o                    c64/crt0.s:9

